Component: Arm Compiler for Embedded 6.24 Tool: armlink [5f371500]

==============================================================================

Section Cross References

    empty.o(.text.main) refers to ti_msp_dl_config.o(.text.SYSCFG_DL_init) for SYSCFG_DL_init
    empty.o(.text.main) refers to oled.o(.text.OLED_Init) for OLED_Init
    empty.o(.ARM.exidx.text.main) refers to empty.o(.text.main) for [Anonymous Symbol]
    startup_mspm0g350x_uvision.o(RESET) refers to startup_mspm0g350x_uvision.o(STACK) for __initial_sp
    startup_mspm0g350x_uvision.o(RESET) refers to startup_mspm0g350x_uvision.o(.text) for Reset_Handler
    startup_mspm0g350x_uvision.o(RESET) refers to encoder.o(.text.GROUP1_IRQHandler) for GROUP1_IRQHandler
    startup_mspm0g350x_uvision.o(RESET) refers to control.o(.text.TIMG0_IRQHandler) for TIMG0_IRQHandler
    startup_mspm0g350x_uvision.o(.text) refers to entry.o(.ARM.Collect$$$$00000000) for __main
    ti_msp_dl_config.o(.text.SYSCFG_DL_init) refers to ti_msp_dl_config.o(.text.SYSCFG_DL_initPower) for SYSCFG_DL_initPower
    ti_msp_dl_config.o(.text.SYSCFG_DL_init) refers to ti_msp_dl_config.o(.text.SYSCFG_DL_GPIO_init) for SYSCFG_DL_GPIO_init
    ti_msp_dl_config.o(.text.SYSCFG_DL_init) refers to ti_msp_dl_config.o(.text.SYSCFG_DL_SYSCTL_init) for SYSCFG_DL_SYSCTL_init
    ti_msp_dl_config.o(.text.SYSCFG_DL_init) refers to ti_msp_dl_config.o(.text.SYSCFG_DL_PWM_0_init) for SYSCFG_DL_PWM_0_init
    ti_msp_dl_config.o(.text.SYSCFG_DL_init) refers to ti_msp_dl_config.o(.text.SYSCFG_DL_TIMER_0_init) for SYSCFG_DL_TIMER_0_init
    ti_msp_dl_config.o(.text.SYSCFG_DL_init) refers to ti_msp_dl_config.o(.text.SYSCFG_DL_I2C_0_init) for SYSCFG_DL_I2C_0_init
    ti_msp_dl_config.o(.text.SYSCFG_DL_init) refers to ti_msp_dl_config.o(.text.SYSCFG_DL_UART_0_init) for SYSCFG_DL_UART_0_init
    ti_msp_dl_config.o(.text.SYSCFG_DL_init) refers to ti_msp_dl_config.o(.text.SYSCFG_DL_SYSTICK_init) for SYSCFG_DL_SYSTICK_init
    ti_msp_dl_config.o(.text.SYSCFG_DL_init) refers to ti_msp_dl_config.o(.bss.gPWM_0Backup) for gPWM_0Backup
    ti_msp_dl_config.o(.ARM.exidx.text.SYSCFG_DL_init) refers to ti_msp_dl_config.o(.text.SYSCFG_DL_init) for [Anonymous Symbol]
    ti_msp_dl_config.o(.text.SYSCFG_DL_initPower) refers to dl_common.o(.text.DL_Common_delayCycles) for DL_Common_delayCycles
    ti_msp_dl_config.o(.ARM.exidx.text.SYSCFG_DL_initPower) refers to ti_msp_dl_config.o(.text.SYSCFG_DL_initPower) for [Anonymous Symbol]
    ti_msp_dl_config.o(.ARM.exidx.text.SYSCFG_DL_GPIO_init) refers to ti_msp_dl_config.o(.text.SYSCFG_DL_GPIO_init) for [Anonymous Symbol]
    ti_msp_dl_config.o(.text.SYSCFG_DL_SYSCTL_init) refers to dl_sysctl_mspm0g1x0x_g3x0x.o(.text.DL_SYSCTL_configSYSPLL) for DL_SYSCTL_configSYSPLL
    ti_msp_dl_config.o(.text.SYSCFG_DL_SYSCTL_init) refers to dl_sysctl_mspm0g1x0x_g3x0x.o(.text.DL_SYSCTL_switchMCLKfromSYSOSCtoHSCLK) for DL_SYSCTL_switchMCLKfromSYSOSCtoHSCLK
    ti_msp_dl_config.o(.text.SYSCFG_DL_SYSCTL_init) refers to ti_msp_dl_config.o(.rodata.gSYSPLLConfig) for [Anonymous Symbol]
    ti_msp_dl_config.o(.ARM.exidx.text.SYSCFG_DL_SYSCTL_init) refers to ti_msp_dl_config.o(.text.SYSCFG_DL_SYSCTL_init) for [Anonymous Symbol]
    ti_msp_dl_config.o(.text.SYSCFG_DL_PWM_0_init) refers to dl_timer.o(.text.DL_Timer_setClockConfig) for DL_Timer_setClockConfig
    ti_msp_dl_config.o(.text.SYSCFG_DL_PWM_0_init) refers to dl_timer.o(.text.DL_TimerA_initPWMMode) for DL_TimerA_initPWMMode
    ti_msp_dl_config.o(.text.SYSCFG_DL_PWM_0_init) refers to dl_timer.o(.text.DL_Timer_setCaptureCompareOutCtl) for DL_Timer_setCaptureCompareOutCtl
    ti_msp_dl_config.o(.text.SYSCFG_DL_PWM_0_init) refers to dl_timer.o(.text.DL_Timer_setCaptCompUpdateMethod) for DL_Timer_setCaptCompUpdateMethod
    ti_msp_dl_config.o(.text.SYSCFG_DL_PWM_0_init) refers to dl_timer.o(.text.DL_Timer_setCaptureCompareValue) for DL_Timer_setCaptureCompareValue
    ti_msp_dl_config.o(.text.SYSCFG_DL_PWM_0_init) refers to ti_msp_dl_config.o(.rodata.gPWM_0ClockConfig) for [Anonymous Symbol]
    ti_msp_dl_config.o(.text.SYSCFG_DL_PWM_0_init) refers to ti_msp_dl_config.o(.rodata.gPWM_0Config) for [Anonymous Symbol]
    ti_msp_dl_config.o(.ARM.exidx.text.SYSCFG_DL_PWM_0_init) refers to ti_msp_dl_config.o(.text.SYSCFG_DL_PWM_0_init) for [Anonymous Symbol]
    ti_msp_dl_config.o(.text.SYSCFG_DL_TIMER_0_init) refers to dl_timer.o(.text.DL_Timer_setClockConfig) for DL_Timer_setClockConfig
    ti_msp_dl_config.o(.text.SYSCFG_DL_TIMER_0_init) refers to dl_timer.o(.text.DL_Timer_initTimerMode) for DL_Timer_initTimerMode
    ti_msp_dl_config.o(.text.SYSCFG_DL_TIMER_0_init) refers to ti_msp_dl_config.o(.rodata.gTIMER_0ClockConfig) for [Anonymous Symbol]
    ti_msp_dl_config.o(.text.SYSCFG_DL_TIMER_0_init) refers to ti_msp_dl_config.o(.rodata.gTIMER_0TimerConfig) for [Anonymous Symbol]
    ti_msp_dl_config.o(.ARM.exidx.text.SYSCFG_DL_TIMER_0_init) refers to ti_msp_dl_config.o(.text.SYSCFG_DL_TIMER_0_init) for [Anonymous Symbol]
[...]
    Removing inv_mpu_dmp_motion_driver.o(.bss.dmp.5), (1 bytes).
    Removing inv_mpu_dmp_motion_driver.o(.rodata..L__const.dmp_set_fifo_rate.regs_end), (12 bytes).
    Removing inv_mpu_dmp_motion_driver.o(.rodata..L__unnamed_1), (12 bytes).
    Removing inv_mpu_dmp_motion_driver.o(.rodata..L__unnamed_2), (12 bytes).
    Removing inv_mpu_dmp_motion_driver.o(.rodata.str1.4), (24 bytes).
    Removing mpu6050.o(.text), (0 bytes).
    Removing mpu6050.o(.text.IICwriteBits), (108 bytes).
    Removing mpu6050.o(.ARM.exidx.text.IICwriteBits), (8 bytes).
    Removing mpu6050.o(.text.IICwriteBit), (84 bytes).
    Removing mpu6050.o(.ARM.exidx.text.IICwriteBit), (8 bytes).
    Removing mpu6050.o(.text.IICreadBytes), (32 bytes).
    Removing mpu6050.o(.ARM.exidx.text.IICreadBytes), (8 bytes).
    Removing mpu6050.o(.text.i2cRead), (32 bytes).
    Removing mpu6050.o(.ARM.exidx.text.i2cRead), (8 bytes).
    Removing mpu6050.o(.text.I2C_ReadOneByte), (36 bytes).
    Removing mpu6050.o(.ARM.exidx.text.I2C_ReadOneByte), (8 bytes).
    Removing mpu6050.o(.text.MPU6050_newValues), (600 bytes).
    Removing mpu6050.o(.ARM.exidx.text.MPU6050_newValues), (8 bytes).
    Removing mpu6050.o(.text.MPU6050_setClockSource), (68 bytes).
    Removing mpu6050.o(.ARM.exidx.text.MPU6050_setClockSource), (8 bytes).
    Removing mpu6050.o(.text.MPU6050_setFullScaleGyroRange), (68 bytes).
    Removing mpu6050.o(.ARM.exidx.text.MPU6050_setFullScaleGyroRange), (8 bytes).
    Removing mpu6050.o(.text.MPU6050_setFullScaleAccelRange), (68 bytes).
    Removing mpu6050.o(.ARM.exidx.text.MPU6050_setFullScaleAccelRange), (8 bytes).
    Removing mpu6050.o(.text.MPU6050_setSleepEnabled), (80 bytes).
    Removing mpu6050.o(.ARM.exidx.text.MPU6050_setSleepEnabled), (8 bytes).
    Removing mpu6050.o(.text.MPU6050_getDeviceID), (40 bytes).
    Removing mpu6050.o(.ARM.exidx.text.MPU6050_getDeviceID), (8 bytes).
    Removing mpu6050.o(.text.MPU6050_testConnection), (44 bytes).
    Removing mpu6050.o(.ARM.exidx.text.MPU6050_testConnection), (8 bytes).
    Removing mpu6050.o(.text.MPU6050_setI2CMasterModeEnabled), (80 bytes).
    Removing mpu6050.o(.ARM.exidx.text.MPU6050_setI2CMasterModeEnabled), (8 bytes).
    Removing mpu6050.o(.text.MPU6050_setI2CBypassEnabled), (80 bytes).
    Removing mpu6050.o(.ARM.exidx.text.MPU6050_setI2CBypassEnabled), (8 bytes).
    Removing mpu6050.o(.text.MPU6050_initialize), (344 bytes).
    Removing mpu6050.o(.ARM.exidx.text.MPU6050_initialize), (8 bytes).
    Removing mpu6050.o(.text.DMP_Init), (524 bytes).
    Removing mpu6050.o(.ARM.exidx.text.DMP_Init), (8 bytes).
    Removing mpu6050.o(.text.Read_DMP), (480 bytes).
    Removing mpu6050.o(.ARM.exidx.text.Read_DMP), (8 bytes).
    Removing mpu6050.o(.text.Read_Temperature), (164 bytes).
    Removing mpu6050.o(.ARM.exidx.text.Read_Temperature), (8 bytes).
    Removing mpu6050.o(.data.q0), (4 bytes).
    Removing mpu6050.o(.bss.q1), (4 bytes).
    Removing mpu6050.o(.bss.q2), (4 bytes).
    Removing mpu6050.o(.bss.q3), (4 bytes).
    Removing mpu6050.o(.bss.mpu6050), (36 bytes).
    Removing mpu6050.o(.bss.RegOri_mpu6050), (36 bytes).
    Removing mpu6050.o(.bss.Gx_offset), (2 bytes).
    Removing mpu6050.o(.bss.Gy_offset), (2 bytes).
    Removing mpu6050.o(.bss.Gz_offset), (2 bytes).
    Removing mpu6050.o(.bss.MPU6050_FIFO), (132 bytes).
    Removing mpu6050.o(.bss.buffer), (14 bytes).
    Removing mpu6050.o(.bss.gyro), (6 bytes).
    Removing mpu6050.o(.bss.accel), (6 bytes).
    Removing mpu6050.o(.bss.sensors), (2 bytes).
    Removing mpu6050.o(.bss.Roll), (4 bytes).
    Removing mpu6050.o(.bss.Pitch), (4 bytes).
    Removing mpu6050.o(.bss.Yaw), (4 bytes).
    Removing mpu6050.o(.rodata.str1.1), (175 bytes).
    Removing led.o(.text), (0 bytes).
    Removing led.o(.text.LED_ON), (16 bytes).
    Removing led.o(.ARM.exidx.text.LED_ON), (8 bytes).
    Removing led.o(.text.LED_OFF), (16 bytes).
    Removing led.o(.ARM.exidx.text.LED_OFF), (8 bytes).
    Removing led.o(.text.LED_Toggle), (16 bytes).
    Removing led.o(.ARM.exidx.text.LED_Toggle), (8 bytes).
    Removing led.o(.ARM.exidx.text.LED_Flash), (8 bytes).
    Removing key.o(.text), (0 bytes).
    Removing key.o(.text.keyValue), (20 bytes).
    Removing key.o(.ARM.exidx.text.keyValue), (8 bytes).
    Removing key.o(.ARM.exidx.text.key_scan), (8 bytes).
    Removing motor.o(.text), (0 bytes).
    Removing motor.o(.text.limit_PWM), (26 bytes).
    Removing motor.o(.ARM.exidx.text.limit_PWM), (8 bytes).
    Removing motor.o(.ARM.exidx.text.Set_PWM), (8 bytes).
    Removing motor.o(.text.Velocity_A), (120 bytes).
    Removing motor.o(.ARM.exidx.text.Velocity_A), (8 bytes).
    Removing motor.o(.text.Velocity_B), (120 bytes).
    Removing motor.o(.ARM.exidx.text.Velocity_B), (8 bytes).
    Removing motor.o(.data.Velcity_Kp), (4 bytes).
    Removing motor.o(.data.Velcity_Ki), (4 bytes).
    Removing motor.o(.bss.Velocity_A.ControlVelocityA), (4 bytes).
    Removing motor.o(.bss.Velocity_A.Last_biasA), (4 bytes).
    Removing motor.o(.bss.Velocity_B.ControlVelocityB), (4 bytes).
    Removing motor.o(.bss.Velocity_B.Last_biasB), (4 bytes).
    Removing motor.o(.bss.Velcity_Kd), (4 bytes).
    Removing board.o(.text), (0 bytes).
    Removing board.o(.text.SysTick_Init), (56 bytes).
    Removing board.o(.ARM.exidx.text.SysTick_Init), (8 bytes).
    Removing board.o(.text.Systick_getTick), (12 bytes).
    Removing board.o(.ARM.exidx.text.Systick_getTick), (8 bytes).
    Removing board.o(.ARM.exidx.text.delay_ms), (8 bytes).
    Removing board.o(.text.delay_us), (132 bytes).
    Removing board.o(.ARM.exidx.text.delay_us), (8 bytes).
    Removing board.o(.text.delay_1us), (132 bytes).
    Removing board.o(.ARM.exidx.text.delay_1us), (8 bytes).
    Removing board.o(.text.delay_1ms), (252 bytes).
    Removing board.o(.ARM.exidx.text.delay_1ms), (8 bytes).
    Removing board.o(.bss.tick_ms), (4 bytes).
    Removing board.o(.bss.start_time), (4 bytes).
    Removing encoder.o(.text), (0 bytes).
    Removing encoder.o(.ARM.exidx.text.GROUP1_IRQHandler), (8 bytes).
    Removing oled.o(.text), (0 bytes).
    Removing oled.o(.ARM.exidx.text.OLED_Refresh_Gram), (8 bytes).
    Removing oled.o(.text.OLED_WR_Byte), (152 bytes).
    Removing oled.o(.ARM.exidx.text.OLED_WR_Byte), (8 bytes).
    Removing oled.o(.text.OLED_RS_Set), (16 bytes).
    Removing oled.o(.ARM.exidx.text.OLED_RS_Set), (8 bytes).
    Removing oled.o(.text.OLED_RS_Clr), (16 bytes).
    Removing oled.o(.ARM.exidx.text.OLED_RS_Clr), (8 bytes).
    Removing oled.o(.text.OLED_SCLK_Clr), (16 bytes).
    Removing oled.o(.ARM.exidx.text.OLED_SCLK_Clr), (8 bytes).
    Removing oled.o(.text.OLED_SDIN_Set), (16 bytes).
    Removing oled.o(.ARM.exidx.text.OLED_SDIN_Set), (8 bytes).
    Removing oled.o(.text.OLED_SDIN_Clr), (16 bytes).
    Removing oled.o(.ARM.exidx.text.OLED_SDIN_Clr), (8 bytes).
    Removing oled.o(.text.OLED_SCLK_Set), (16 bytes).
    Removing oled.o(.ARM.exidx.text.OLED_SCLK_Set), (8 bytes).
    Removing oled.o(.text.OLED_Display_On), (180 bytes).
    Removing oled.o(.ARM.exidx.text.OLED_Display_On), (8 bytes).
    Removing oled.o(.text.OLED_Display_Off), (184 bytes).
    Removing oled.o(.ARM.exidx.text.OLED_Display_Off), (8 bytes).
    Removing oled.o(.text.OLED_Clear), (1620 bytes).
    Removing oled.o(.ARM.exidx.text.OLED_Clear), (8 bytes).
    Removing oled.o(.text.OLED_DrawPoint), (60 bytes).
    Removing oled.o(.ARM.exidx.text.OLED_DrawPoint), (8 bytes).
    Removing oled.o(.text.OLED_ShowChar), (368 bytes).
    Removing oled.o(.ARM.exidx.text.OLED_ShowChar), (8 bytes).
    Removing oled.o(.text.oled_pow), (68 bytes).
    Removing oled.o(.ARM.exidx.text.oled_pow), (8 bytes).
    Removing oled.o(.text.OLED_ShowNumber), (832 bytes).
    Removing oled.o(.ARM.exidx.text.OLED_ShowNumber), (8 bytes).
    Removing oled.o(.text.OLED_ShowString), (2020 bytes).
    Removing oled.o(.ARM.exidx.text.OLED_ShowString), (8 bytes).
    Removing oled.o(.ARM.exidx.text.OLED_Init), (8 bytes).
    Removing oled.o(.text.OLED_RST_Clr), (16 bytes).
    Removing oled.o(.ARM.exidx.text.OLED_RST_Clr), (8 bytes).
    Removing oled.o(.text.OLED_RST_Set), (16 bytes).
    Removing oled.o(.ARM.exidx.text.OLED_RST_Set), (8 bytes).
    Removing oled.o(.text.OLED_ShowCHinese), (532 bytes).
    Removing oled.o(.ARM.exidx.text.OLED_ShowCHinese), (8 bytes).
    Removing oled.o(.text.OLED_Set_Pos), (332 bytes).
    Removing oled.o(.ARM.exidx.text.OLED_Set_Pos), (8 bytes).
    Removing oled.o(.rodata.oled_asc2_1206), (1140 bytes).
    Removing oled.o(.rodata.oled_asc2_1608), (1520 bytes).
    Removing oled.o(.rodata.Hzk16), (2624 bytes).
    Removing ir_module.o(.text), (0 bytes).
    Removing ir_module.o(.text.IRDM_line_inspection), (512 bytes).
    Removing ir_module.o(.ARM.exidx.text.IRDM_line_inspection), (8 bytes).
    Removing ir_module.o(.data.Turn90Angle), (4 bytes).
    Removing ir_module.o(.data.TurnMaxAngle), (4 bytes).
    Removing ir_module.o(.data.TurnMidAngle), (4 bytes).
    Removing ir_module.o(.data.TurnMinAngle), (4 bytes).
    Removing ir_module.o(.data.BaseSpeed), (4 bytes).
    Removing ir_module.o(.data.ForwardLimit), (4 bytes).
    Removing ir_module.o(.bss.base_speed_mm), (4 bytes).
    Removing ir_module.o(.bss.turn_diff), (4 bytes).
    Removing ir_module.o(.bss.IRDM_line_inspection.last_state), (4 bytes).
    Removing ir_module.o(.bss.IRDM_line_inspection.turn_cnt), (4 bytes).
    Removing ir_module.o(.bss.IRDM_line_inspection.saved_state), (4 bytes).
    Removing ir_module.o(.bss.ir_dh4_state), (4 bytes).
    Removing ir_module.o(.bss.ir_dh3_state), (4 bytes).
    Removing ir_module.o(.bss.ir_dh2_state), (4 bytes).
    Removing ir_module.o(.bss.ir_dh1_state), (4 bytes).
    Removing control.o(.text), (0 bytes).
    Removing control.o(.ARM.exidx.text.TIMG0_IRQHandler), (8 bytes).
    Removing control.o(.text.Key), (56 bytes).
    Removing control.o(.ARM.exidx.text.Key), (8 bytes).
    Removing control.o(.ARM.exidx.text.Get_Velocity_From_Encoder), (8 bytes).
    Removing control.o(.text.Incremental_PI_Left), (148 bytes).
    Removing control.o(.ARM.exidx.text.Incremental_PI_Left), (8 bytes).
    Removing control.o(.text.Incremental_PI_Right), (148 bytes).
    Removing control.o(.ARM.exidx.text.Incremental_PI_Right), (8 bytes).
    Removing control.o(.text.Get_Target_Encoder), (80 bytes).
    Removing control.o(.ARM.exidx.text.Get_Target_Encoder), (8 bytes).
    Removing control.o(.text.myabs), (8 bytes).
    Removing control.o(.ARM.exidx.text.myabs), (8 bytes).
    Removing control.o(.text.Turn_Off), (4 bytes).
    Removing control.o(.ARM.exidx.text.Turn_Off), (8 bytes).
    Removing control.o(.text.PWM_Limit), (36 bytes).
    Removing control.o(.ARM.exidx.text.PWM_Limit), (8 bytes).
    Removing control.o(.bss.CCD_count), (1 bytes).
    Removing control.o(.bss.ELE_count), (1 bytes).
    Removing control.o(.bss.Sensor_Left), (4 bytes).
    Removing control.o(.bss.Sensor_Middle), (4 bytes).
    Removing control.o(.bss.Sensor_Right), (4 bytes).
    Removing control.o(.bss.Sensor), (4 bytes).
    Removing dl_common.o(.text), (0 bytes).
    Removing dl_common.o(.ARM.exidx.text.DL_Common_delayCycles), (8 bytes).
    Removing dl_i2c.o(.text), (0 bytes).
    Removing dl_i2c.o(.ARM.exidx.text.DL_I2C_setClockConfig), (8 bytes).
    Removing dl_i2c.o(.text.DL_I2C_getClockConfig), (26 bytes).
    Removing dl_i2c.o(.ARM.exidx.text.DL_I2C_getClockConfig), (8 bytes).
    Removing dl_i2c.o(.text.DL_I2C_fillControllerTXFIFO), (44 bytes).
    Removing dl_i2c.o(.ARM.exidx.text.DL_I2C_fillControllerTXFIFO), (8 bytes).
    Removing dl_i2c.o(.text.DL_I2C_flushControllerTXFIFO), (40 bytes).
    Removing dl_i2c.o(.ARM.exidx.text.DL_I2C_flushControllerTXFIFO), (8 bytes).
    Removing dl_i2c.o(.text.DL_I2C_flushControllerRXFIFO), (32 bytes).
    Removing dl_i2c.o(.ARM.exidx.text.DL_I2C_flushControllerRXFIFO), (8 bytes).
    Removing dl_i2c.o(.text.DL_I2C_fillTargetTXFIFO), (48 bytes).
    Removing dl_i2c.o(.ARM.exidx.text.DL_I2C_fillTargetTXFIFO), (8 bytes).
    Removing dl_i2c.o(.text.DL_I2C_flushTargetTXFIFO), (40 bytes).
    Removing dl_i2c.o(.ARM.exidx.text.DL_I2C_flushTargetTXFIFO), (8 bytes).
    Removing dl_i2c.o(.text.DL_I2C_flushTargetRXFIFO), (32 bytes).
    Removing dl_i2c.o(.ARM.exidx.text.DL_I2C_flushTargetRXFIFO), (8 bytes).
    Removing dl_i2c.o(.text.DL_I2C_transmitTargetDataBlocking), (20 bytes).
    Removing dl_i2c.o(.ARM.exidx.text.DL_I2C_transmitTargetDataBlocking), (8 bytes).
    Removing dl_i2c.o(.text.DL_I2C_transmitTargetDataCheck), (32 bytes).
    Removing dl_i2c.o(.ARM.exidx.text.DL_I2C_transmitTargetDataCheck), (8 bytes).
    Removing dl_i2c.o(.text.DL_I2C_receiveTargetDataBlocking), (20 bytes).
    Removing dl_i2c.o(.ARM.exidx.text.DL_I2C_receiveTargetDataBlocking), (8 bytes).
    Removing dl_i2c.o(.text.DL_I2C_receiveTargetDataCheck), (32 bytes).
    Removing dl_i2c.o(.ARM.exidx.text.DL_I2C_receiveTargetDataCheck), (8 bytes).
    Removing dl_timer.o(.text), (0 bytes).
    Removing dl_timer.o(.ARM.exidx.text.DL_Timer_setClockConfig), (8 bytes).
    Removing dl_timer.o(.text.DL_Timer_getClockConfig), (28 bytes).
    Removing dl_timer.o(.ARM.exidx.text.DL_Timer_getClockConfig), (8 bytes).
    Removing dl_timer.o(.ARM.exidx.text.DL_Timer_initTimerMode), (8 bytes).
    Removing dl_timer.o(.ARM.exidx.text.DL_Timer_setCaptureCompareValue), (8 bytes).
    Removing dl_timer.o(.text.DL_Timer_setCaptureCompareCtl), (40 bytes).
    Removing dl_timer.o(.ARM.exidx.text.DL_Timer_setCaptureCompareCtl), (8 bytes).
    Removing dl_timer.o(.text.DL_Timer_initCaptureMode), (272 bytes).
    Removing dl_timer.o(.ARM.exidx.text.DL_Timer_initCaptureMode), (8 bytes).
    Removing dl_timer.o(.text.DL_Timer_setCaptureCompareInput), (26 bytes).
    Removing dl_timer.o(.ARM.exidx.text.DL_Timer_setCaptureCompareInput), (8 bytes).
    Removing dl_timer.o(.text.DL_Timer_initCaptureTriggerMode), (124 bytes).
    Removing dl_timer.o(.ARM.exidx.text.DL_Timer_initCaptureTriggerMode), (8 bytes).
    Removing dl_timer.o(.text.DL_Timer_initCaptureCombinedMode), (232 bytes).
    Removing dl_timer.o(.ARM.exidx.text.DL_Timer_initCaptureCombinedMode), (8 bytes).
    Removing dl_timer.o(.text.DL_Timer_initCompareMode), (168 bytes).
    Removing dl_timer.o(.ARM.exidx.text.DL_Timer_initCompareMode), (8 bytes).
    Removing dl_timer.o(.text.DL_Timer_initCompareTriggerMode), (112 bytes).
    Removing dl_timer.o(.ARM.exidx.text.DL_Timer_initCompareTriggerMode), (8 bytes).
    Removing dl_timer.o(.ARM.exidx.text.DL_Timer_initPWMMode), (8 bytes).
    Removing dl_timer.o(.text.DL_Timer_setCaptureCompareAction), (36 bytes).
    Removing dl_timer.o(.ARM.exidx.text.DL_Timer_setCaptureCompareAction), (8 bytes).
    Removing dl_timer.o(.ARM.exidx.text.DL_Timer_setCaptureCompareOutCtl), (8 bytes).
    Removing dl_timer.o(.text.DL_Timer_getCaptureCompareValue), (16 bytes).
    Removing dl_timer.o(.ARM.exidx.text.DL_Timer_getCaptureCompareValue), (8 bytes).
    Removing dl_timer.o(.text.DL_Timer_getCaptureCompareCtl), (24 bytes).
    Removing dl_timer.o(.ARM.exidx.text.DL_Timer_getCaptureCompareCtl), (8 bytes).
    Removing dl_timer.o(.text.DL_Timer_setSecondCompSrcDn), (28 bytes).
    Removing dl_timer.o(.ARM.exidx.text.DL_Timer_setSecondCompSrcDn), (8 bytes).
    Removing dl_timer.o(.text.DL_Timer_getSecondCompSrcDn), (20 bytes).
    Removing dl_timer.o(.ARM.exidx.text.DL_Timer_getSecondCompSrcDn), (8 bytes).
    Removing dl_timer.o(.text.DL_Timer_setSecondCompSrcUp), (28 bytes).
    Removing dl_timer.o(.ARM.exidx.text.DL_Timer_setSecondCompSrcUp), (8 bytes).
    Removing dl_timer.o(.text.DL_Timer_getSecondCompSrcUp), (20 bytes).
    Removing dl_timer.o(.ARM.exidx.text.DL_Timer_getSecondCompSrcUp), (8 bytes).
    Removing dl_timer.o(.text.DL_Timer_setSecondCompActionDn), (28 bytes).
    Removing dl_timer.o(.ARM.exidx.text.DL_Timer_setSecondCompActionDn), (8 bytes).
    Removing dl_timer.o(.text.DL_Timer_getSecondCompActionDn), (20 bytes).
    Removing dl_timer.o(.ARM.exidx.text.DL_Timer_getSecondCompActionDn), (8 bytes).
    Removing dl_timer.o(.text.DL_Timer_setSecondCompActionUp), (28 bytes).
    Removing dl_timer.o(.ARM.exidx.text.DL_Timer_setSecondCompActionUp), (8 bytes).
    Removing dl_timer.o(.text.DL_Timer_getSecondCompActionUp), (20 bytes).
    Removing dl_timer.o(.ARM.exidx.text.DL_Timer_getSecondCompActionUp), (8 bytes).
    Removing dl_timer.o(.text.DL_Timer_enableSuppressionOfCompEvent), (24 bytes).
    Removing dl_timer.o(.ARM.exidx.text.DL_Timer_enableSuppressionOfCompEvent), (8 bytes).
    Removing dl_timer.o(.text.DL_Timer_disableSuppressionOfCompEvent), (24 bytes).
    Removing dl_timer.o(.ARM.exidx.text.DL_Timer_disableSuppressionOfCompEvent), (8 bytes).
    Removing dl_timer.o(.ARM.exidx.text.DL_Timer_setCaptCompUpdateMethod), (8 bytes).
    Removing dl_timer.o(.text.DL_Timer_getCaptCompUpdateMethod), (20 bytes).
    Removing dl_timer.o(.ARM.exidx.text.DL_Timer_getCaptCompUpdateMethod), (8 bytes).
    Removing dl_timer.o(.text.DL_Timer_getCaptureCompareOutCtl), (16 bytes).
    Removing dl_timer.o(.ARM.exidx.text.DL_Timer_getCaptureCompareOutCtl), (8 bytes).
    Removing dl_timer.o(.text.DL_Timer_getCaptureCompareAction), (24 bytes).
    Removing dl_timer.o(.ARM.exidx.text.DL_Timer_getCaptureCompareAction), (8 bytes).
    Removing dl_timer.o(.text.DL_Timer_overrideCCPOut), (32 bytes).
    Removing dl_timer.o(.ARM.exidx.text.DL_Timer_overrideCCPOut), (8 bytes).
    Removing dl_timer.o(.text.DL_Timer_getCaptureCompareInput), (16 bytes).
    Removing dl_timer.o(.ARM.exidx.text.DL_Timer_getCaptureCompareInput), (8 bytes).
    Removing dl_timer.o(.text.DL_Timer_setCaptureCompareInputFilter), (28 bytes).
    Removing dl_timer.o(.ARM.exidx.text.DL_Timer_setCaptureCompareInputFilter), (8 bytes).
    Removing dl_timer.o(.text.DL_Timer_getCaptureCompareInputFilter), (18 bytes).
    Removing dl_timer.o(.ARM.exidx.text.DL_Timer_getCaptureCompareInputFilter), (8 bytes).
    Removing dl_timer.o(.text.DL_Timer_enableCaptureCompareInputFilter), (20 bytes).
    Removing dl_timer.o(.ARM.exidx.text.DL_Timer_enableCaptureCompareInputFilter), (8 bytes).
    Removing dl_timer.o(.text.DL_Timer_disableCaptureCompareInputFilter), (20 bytes).
    Removing dl_timer.o(.ARM.exidx.text.DL_Timer_disableCaptureCompareInputFilter), (8 bytes).
    Removing dl_timer.o(.text.DL_Timer_isCaptureCompareInputFilterEnabled), (20 bytes).
    Removing dl_timer.o(.ARM.exidx.text.DL_Timer_isCaptureCompareInputFilterEnabled), (8 bytes).
    Removing dl_timer.o(.text.DL_Timer_saveConfiguration), (192 bytes).
    Removing dl_timer.o(.ARM.exidx.text.DL_Timer_saveConfiguration), (8 bytes).
    Removing dl_timer.o(.text.DL_Timer_restoreConfiguration), (196 bytes).
    Removing dl_timer.o(.ARM.exidx.text.DL_Timer_restoreConfiguration), (8 bytes).
    Removing dl_timer.o(.ARM.exidx.text.DL_TimerA_initPWMMode), (8 bytes).
    Removing dl_timer.o(.text.DL_Timer_setFaultSourceConfig), (44 bytes).
    Removing dl_timer.o(.ARM.exidx.text.DL_Timer_setFaultSourceConfig), (8 bytes).
    Removing dl_timer.o(.text.DL_Timer_getFaultSourceConfig), (32 bytes).
    Removing dl_timer.o(.ARM.exidx.text.DL_Timer_getFaultSourceConfig), (8 bytes).
    Removing dl_timer.o(.text.DL_TimerA_saveConfiguration), (264 bytes).
    Removing dl_timer.o(.ARM.exidx.text.DL_TimerA_saveConfiguration), (8 bytes).
    Removing dl_timer.o(.text.DL_TimerA_restoreConfiguration), (276 bytes).
    Removing dl_timer.o(.ARM.exidx.text.DL_TimerA_restoreConfiguration), (8 bytes).
    Removing dl_timer.o(.text.DL_Timer_configQEIHallInputMode), (36 bytes).
    Removing dl_timer.o(.ARM.exidx.text.DL_Timer_configQEIHallInputMode), (8 bytes).
    Removing dl_timer.o(.rodata..Lswitch.table.DL_Timer_initCompareMode), (12 bytes).
    Removing dl_uart.o(.text), (0 bytes).
    Removing dl_uart.o(.ARM.exidx.text.DL_UART_init), (8 bytes).
    Removing dl_uart.o(.ARM.exidx.text.DL_UART_setClockConfig), (8 bytes).
    Removing dl_uart.o(.text.DL_UART_getClockConfig), (16 bytes).
    Removing dl_uart.o(.ARM.exidx.text.DL_UART_getClockConfig), (8 bytes).
    Removing dl_uart.o(.text.DL_UART_configBaudRate), (140 bytes).
    Removing dl_uart.o(.ARM.exidx.text.DL_UART_configBaudRate), (8 bytes).
    Removing dl_uart.o(.text.DL_UART_configIrDAMode), (60 bytes).
    Removing dl_uart.o(.ARM.exidx.text.DL_UART_configIrDAMode), (8 bytes).
    Removing dl_uart.o(.text.DL_UART_setIrDAPulseLength), (42 bytes).
    Removing dl_uart.o(.ARM.exidx.text.DL_UART_setIrDAPulseLength), (8 bytes).
    Removing dl_uart.o(.text.DL_UART_receiveDataBlocking), (20 bytes).
    Removing dl_uart.o(.ARM.exidx.text.DL_UART_receiveDataBlocking), (8 bytes).
    Removing dl_uart.o(.text.DL_UART_transmitDataBlocking), (20 bytes).
    Removing dl_uart.o(.ARM.exidx.text.DL_UART_transmitDataBlocking), (8 bytes).
    Removing dl_uart.o(.text.DL_UART_receiveDataCheck), (28 bytes).
    Removing dl_uart.o(.ARM.exidx.text.DL_UART_receiveDataCheck), (8 bytes).
    Removing dl_uart.o(.text.DL_UART_transmitDataCheck), (24 bytes).
    Removing dl_uart.o(.ARM.exidx.text.DL_UART_transmitDataCheck), (8 bytes).
    Removing dl_uart.o(.text.DL_UART_drainRXFIFO), (40 bytes).
    Removing dl_uart.o(.ARM.exidx.text.DL_UART_drainRXFIFO), (8 bytes).
    Removing dl_uart.o(.text.DL_UART_fillTXFIFO), (40 bytes).
    Removing dl_uart.o(.ARM.exidx.text.DL_UART_fillTXFIFO), (8 bytes).
    Removing dl_uart.o(.text.DL_UART_Main_saveConfiguration), (88 bytes).
    Removing dl_uart.o(.ARM.exidx.text.DL_UART_Main_saveConfiguration), (8 bytes).
    Removing dl_uart.o(.text.DL_UART_Main_restoreConfiguration), (120 bytes).
    Removing dl_uart.o(.ARM.exidx.text.DL_UART_Main_restoreConfiguration), (8 bytes).
    Removing dl_uart.o(.text.DL_UART_Extend_saveConfiguration), (104 bytes).
    Removing dl_uart.o(.ARM.exidx.text.DL_UART_Extend_saveConfiguration), (8 bytes).
    Removing dl_uart.o(.text.DL_UART_Extend_restoreConfiguration), (132 bytes).
    Removing dl_uart.o(.ARM.exidx.text.DL_UART_Extend_restoreConfiguration), (8 bytes).
    Removing dl_sysctl_mspm0g1x0x_g3x0x.o(.text), (0 bytes).
    Removing dl_sysctl_mspm0g1x0x_g3x0x.o(.ARM.exidx.text.DL_SYSCTL_configSYSPLL), (8 bytes).
    Removing dl_sysctl_mspm0g1x0x_g3x0x.o(.text.DL_SYSCTL_setLFCLKSourceLFXT), (80 bytes).
    Removing dl_sysctl_mspm0g1x0x_g3x0x.o(.ARM.exidx.text.DL_SYSCTL_setLFCLKSourceLFXT), (8 bytes).
    Removing dl_sysctl_mspm0g1x0x_g3x0x.o(.text.DL_SYSCTL_switchMCLKfromSYSOSCtoLFCLK), (60 bytes).
    Removing dl_sysctl_mspm0g1x0x_g3x0x.o(.ARM.exidx.text.DL_SYSCTL_switchMCLKfromSYSOSCtoLFCLK), (8 bytes).
    Removing dl_sysctl_mspm0g1x0x_g3x0x.o(.text.DL_SYSCTL_switchMCLKfromLFCLKtoSYSOSC), (40 bytes).
    Removing dl_sysctl_mspm0g1x0x_g3x0x.o(.ARM.exidx.text.DL_SYSCTL_switchMCLKfromLFCLKtoSYSOSC), (8 bytes).
    Removing dl_sysctl_mspm0g1x0x_g3x0x.o(.ARM.exidx.text.DL_SYSCTL_switchMCLKfromSYSOSCtoHSCLK), (8 bytes).
    Removing dl_sysctl_mspm0g1x0x_g3x0x.o(.text.DL_SYSCTL_switchMCLKfromHSCLKtoSYSOSC), (32 bytes).
    Removing dl_sysctl_mspm0g1x0x_g3x0x.o(.ARM.exidx.text.DL_SYSCTL_switchMCLKfromHSCLKtoSYSOSC), (8 bytes).
    Removing dl_sysctl_mspm0g1x0x_g3x0x.o(.text.DL_SYSCTL_setHFCLKSourceHFXT), (76 bytes).
    Removing dl_sysctl_mspm0g1x0x_g3x0x.o(.ARM.exidx.text.DL_SYSCTL_setHFCLKSourceHFXT), (8 bytes).
    Removing dl_sysctl_mspm0g1x0x_g3x0x.o(.text.DL_SYSCTL_setHFCLKSourceHFXTParams), (84 bytes).
    Removing dl_sysctl_mspm0g1x0x_g3x0x.o(.ARM.exidx.text.DL_SYSCTL_setHFCLKSourceHFXTParams), (8 bytes).
    Removing dl_sysctl_mspm0g1x0x_g3x0x.o(.text.DL_SYSCTL_configFCC), (28 bytes).
    Removing dl_sysctl_mspm0g1x0x_g3x0x.o(.ARM.exidx.text.DL_SYSCTL_configFCC), (8 bytes).
    Removing dl_sysctl_mspm0g1x0x_g3x0x.o(.text.DL_SYSCTL_getPowerPolicyRUNSLEEP), (48 bytes).
    Removing dl_sysctl_mspm0g1x0x_g3x0x.o(.ARM.exidx.text.DL_SYSCTL_getPowerPolicyRUNSLEEP), (8 bytes).
    Removing dl_sysctl_mspm0g1x0x_g3x0x.o(.text.DL_SYSCTL_getPowerPolicySTOP), (52 bytes).
    Removing dl_sysctl_mspm0g1x0x_g3x0x.o(.ARM.exidx.text.DL_SYSCTL_getPowerPolicySTOP), (8 bytes).
    Removing dl_sysctl_mspm0g1x0x_g3x0x.o(.text.DL_SYSCTL_getPowerPolicySTANDBY), (40 bytes).
    Removing dl_sysctl_mspm0g1x0x_g3x0x.o(.ARM.exidx.text.DL_SYSCTL_getPowerPolicySTANDBY), (8 bytes).
    Removing dadd.o(.text), (356 bytes).
    Removing fcmple.o(.text), (28 bytes).
    Removing fcmpge.o(.text), (28 bytes).
    Removing fcmpeq.o(.text), (28 bytes).
    Removing dscalb.o(.text), (44 bytes).
    Removing dfixul.o(.text), (64 bytes).
    Removing cdcmple.o(.text), (40 bytes).
    Removing cdrcmple.o(.text), (40 bytes).
    Removing dsqrt.o(.text), (162 bytes).

580 unused section(s) (total 45956 bytes) removed from the image.

==============================================================================

Image Symbol Table

    Local Symbols

    Symbol Name                              Value     Ov Type        Size  Object(Section)

    ../clib/division.s                       0x00000000   Number         0  aeabi_sdivfast.o ABSOLUTE
    ../clib/division.s                       0x00000000   Number         0  aeabi_sdivfast_div0.o ABSOLUTE
    ../clib/longlong.c                       0x00000000   Number         0  llmul.o ABSOLUTE
    ../clib/microlib/division.c              0x00000000   Number         0  uidiv.o ABSOLUTE
    ../clib/microlib/division.c              0x00000000   Number         0  idiv.o ABSOLUTE
    ../clib/microlib/division.c              0x00000000   Number         0  ldiv.o ABSOLUTE
    ../clib/microlib/division.c              0x00000000   Number         0  uidiv_div0.o ABSOLUTE
    ../clib/microlib/division.c              0x00000000   Number         0  idiv_div0.o ABSOLUTE
    ../clib/microlib/division.c              0x00000000   Number         0  idiv0.o ABSOLUTE
    ../clib/microlib/division.c              0x00000000   Number         0  uldiv.o ABSOLUTE
    ../clib/microlib/errno.c                 0x00000000   Number         0  errno.o ABSOLUTE
    ../clib/microlib/init/entry.s            0x00000000   Number         0  entry.o ABSOLUTE
    ../clib/microlib/init/entry.s            0x00000000   Number         0  entry2.o ABSOLUTE
    ../clib/microlib/init/entry.s            0x00000000   Number         0  entry5.o ABSOLUTE
    ../clib/microlib/init/entry.s            0x00000000   Number         0  entry7a.o ABSOLUTE
    ../clib/microlib/init/entry.s            0x00000000   Number         0  entry7b.o ABSOLUTE
    ../clib/microlib/init/entry.s            0x00000000   Number         0  entry8a.o ABSOLUTE
    ../clib/microlib/init/entry.s            0x00000000   Number         0  entry8b.o ABSOLUTE
    ../clib/microlib/init/entry.s            0x00000000   Number         0  entry9a.o ABSOLUTE
    ../clib/microlib/init/entry.s            0x00000000   Number         0  entry9b.o ABSOLUTE
    ../clib/microlib/init/entry.s            0x00000000   Number         0  entry10a.o ABSOLUTE
    ../clib/microlib/init/entry.s            0x00000000   Number         0  entry10b.o ABSOLUTE
    ../clib/microlib/init/entry.s            0x00000000   Number         0  entry11a.o ABSOLUTE
    ../clib/microlib/init/entry.s            0x00000000   Number         0  entry11b.o ABSOLUTE
    ../clib/microlib/longlong.c              0x00000000   Number         0  llshl.o ABSOLUTE
    ../clib/microlib/longlong.c              0x00000000   Number         0  llsshr.o ABSOLUTE
    ../clib/microlib/longlong.c              0x00000000   Number         0  llushr.o ABSOLUTE
    ../clib/microlib/printf/printf.c         0x00000000   Number         0  printfb.o ABSOLUTE
    ../clib/microlib/printf/printf.c         0x00000000   Number         0  printf0.o ABSOLUTE
    ../clib/microlib/printf/printf.c         0x00000000   Number         0  printf1.o ABSOLUTE
    ../clib/microlib/printf/printf.c         0x00000000   Number         0  printf2.o ABSOLUTE
    ../clib/microlib/printf/printf.c         0x00000000   Number         0  printf3.o ABSOLUTE
    ../clib/microlib/printf/printf.c         0x00000000   Number         0  printf4.o ABSOLUTE
    ../clib/microlib/printf/printf.c         0x00000000   Number         0  printf5.o ABSOLUTE
    ../clib/microlib/printf/printf.c         0x00000000   Number         0  printf6.o ABSOLUTE
    ../clib/microlib/printf/printf.c         0x00000000   Number         0  printf7.o ABSOLUTE
    ../clib/microlib/printf/printf.c         0x00000000   Number         0  printf8.o ABSOLUTE
    ../clib/microlib/printf/printf.c         0x00000000   Number         0  printfa.o ABSOLUTE
    ../clib/microlib/printf/stubs.s          0x00000000   Number         0  printfstubs.o ABSOLUTE
    ../clib/microlib/stdio/streams.c         0x00000000   Number         0  stdout.o ABSOLUTE
    ../clib/microlib/string/memcmp.c         0x00000000   Number         0  memcmp.o ABSOLUTE
    ../clib/microlib/string/memcpy.c         0x00000000   Number         0  memmovea.o ABSOLUTE
    ../clib/microlib/string/memcpy.c         0x00000000   Number         0  memmoveb.o ABSOLUTE
    ../clib/microlib/string/strlen.c         0x00000000   Number         0  strlen.o ABSOLUTE
    ../clib/microlib/stubs.s                 0x00000000   Number         0  iusefp.o ABSOLUTE
    ../fplib/microlib/d2f.c                  0x00000000   Number         0  d2f.o ABSOLUTE
    ../fplib/microlib/f2d.c                  0x00000000   Number         0  f2d.o ABSOLUTE
    ../fplib/microlib/fpadd.c                0x00000000   Number         0  fadd.o ABSOLUTE
    ../fplib/microlib/fpadd.c                0x00000000   Number         0  dadd.o ABSOLUTE
    ../fplib/microlib/fpcmp.c                0x00000000   Number         0  fcmple.o ABSOLUTE
    ../fplib/microlib/fpcmp.c                0x00000000   Number         0  fcmplt.o ABSOLUTE
    ../fplib/microlib/fpcmp.c                0x00000000   Number         0  fcmpge.o ABSOLUTE
    ../fplib/microlib/fpcmp.c                0x00000000   Number         0  fcmpgt.o ABSOLUTE
    ../fplib/microlib/fpcmp.c                0x00000000   Number         0  fcmpeq.o ABSOLUTE
    ../fplib/microlib/fpdiv.c                0x00000000   Number         0  fdiv.o ABSOLUTE
    ../fplib/microlib/fpdiv.c                0x00000000   Number         0  ddiv.o ABSOLUTE
    ../fplib/microlib/fpepilogue.c           0x00000000   Number         0  fepilogue.o ABSOLUTE
    ../fplib/microlib/fpepilogue.c           0x00000000   Number         0  depilogue.o ABSOLUTE
    ../fplib/microlib/fpfix.c                0x00000000   Number         0  ffixi.o ABSOLUTE
    ../fplib/microlib/fpfix.c                0x00000000   Number         0  dfixul.o ABSOLUTE
    ../fplib/microlib/fpflt.c                0x00000000   Number         0  fflti.o ABSOLUTE
    ../fplib/microlib/fpflt.c                0x00000000   Number         0  ffltui.o ABSOLUTE
    ../fplib/microlib/fpmul.c                0x00000000   Number         0  fmul.o ABSOLUTE
    ../fplib/microlib/fpmul.c                0x00000000   Number         0  dmul.o ABSOLUTE
    ../fplib/microlib/fpscalb.c              0x00000000   Number         0  dscalb.o ABSOLUTE
    ../fplib/microlib/fpsqrt.c               0x00000000   Number         0  dsqrt.o ABSOLUTE
    ../mathlib/asin.c                        0x00000000   Number         0  asin.o ABSOLUTE
    ../mathlib/atan.c                        0x00000000   Number         0  atan.o ABSOLUTE
    ../mathlib/atan2.c                       0x00000000   Number         0  atan2.o ABSOLUTE
    ../mathlib/dunder.c                      0x00000000   Number         0  dunder.o ABSOLUTE
    ../mathlib/fpclassify.c                  0x00000000   Number         0  fpclassify.o ABSOLUTE
    ../mathlib/poly.c                        0x00000000   Number         0  poly.o ABSOLUTE
    ../mathlib/qnan.c                        0x00000000   Number         0  qnan.o ABSOLUTE
    ../mathlib/sqrt.c                        0x00000000   Number         0  sqrt.o ABSOLUTE
    IR_Module.c                              0x00000000   Number         0  ir_module.o ABSOLUTE
    MPU6050.c                                0x00000000   Number         0  mpu6050.o ABSOLUTE
    board.c                                  0x00000000   Number         0  board.o ABSOLUTE
    bsp_iic.c                                0x00000000   Number         0  bsp_iic.o ABSOLUTE
    bsp_printf.c                             0x00000000   Number         0  bsp_printf.o ABSOLUTE
    bsp_systick.c                            0x00000000   Number         0  bsp_systick.o ABSOLUTE
    cdcmple.s                                0x00000000   Number         0  cdcmple.o ABSOLUTE
    cdrcmple.s                               0x00000000   Number         0  cdrcmple.o ABSOLUTE
    control.c                                0x00000000   Number         0  control.o ABSOLUTE
    dc.s                                     0x00000000   Number         0  dc.o ABSOLUTE
    dl_common.c                              0x00000000   Number         0  dl_common.o ABSOLUTE
    dl_i2c.c                                 0x00000000   Number         0  dl_i2c.o ABSOLUTE
    dl_sysctl_mspm0g1x0x_g3x0x.c             0x00000000   Number         0  dl_sysctl_mspm0g1x0x_g3x0x.o ABSOLUTE
    dl_timer.c                               0x00000000   Number         0  dl_timer.o ABSOLUTE
    dl_uart.c                                0x00000000   Number         0  dl_uart.o ABSOLUTE
    empty.c                                  0x00000000   Number         0  empty.o ABSOLUTE
    encoder.c                                0x00000000   Number         0  encoder.o ABSOLUTE
    handlers.s                               0x00000000   Number         0  handlers.o ABSOLUTE
    init.s                                   0x00000000   Number         0  init.o ABSOLUTE
    inv_mpu.c                                0x00000000   Number         0  inv_mpu.o ABSOLUTE
    inv_mpu_dmp_motion_driver.c              0x00000000   Number         0  inv_mpu_dmp_motion_driver.o ABSOLUTE
    key.c                                    0x00000000   Number         0  key.o ABSOLUTE
    led.c                                    0x00000000   Number         0  led.o ABSOLUTE
    motor.c                                  0x00000000   Number         0  motor.o ABSOLUTE
    oled.c                                   0x00000000   Number         0  oled.o ABSOLUTE
    startup_mspm0g350x_uvision.s             0x00000000   Number         0  startup_mspm0g350x_uvision.o ABSOLUTE
    ti_msp_dl_config.c                       0x00000000   Number         0  ti_msp_dl_config.o ABSOLUTE
    RESET                                    0x00000000   Section      192  startup_mspm0g350x_uvision.o(RESET)
    .ARM.Collect$$$$00000000                 0x000000c0   Section        0  entry.o(.ARM.Collect$$$$00000000)
    .ARM.Collect$$$$00000001                 0x000000c0   Section        4  entry2.o(.ARM.Collect$$$$00000001)
    .ARM.Collect$$$$00000004                 0x000000c4   Section        4  entry5.o(.ARM.Collect$$$$00000004)
    .ARM.Collect$$$$00000008                 0x000000c8   Section        0  entry7b.o(.ARM.Collect$$$$00000008)
    .ARM.Collect$$$$0000000A                 0x000000c8   Section        0  entry8b.o(.ARM.Collect$$$$0000000A)
    .ARM.Collect$$$$0000000B                 0x000000c8   Section        8  entry9a.o(.ARM.Collect$$$$0000000B)
    __lit__00000000                          0x000000d0   Data           4  entry2.o(.ARM.Collect$$$$00002712)
    .ARM.Collect$$$$0000000D                 0x000000d0   Section        0  entry10a.o(.ARM.Collect$$$$0000000D)
    .ARM.Collect$$$$0000000F                 0x000000d0   Section        0  entry11a.o(.ARM.Collect$$$$0000000F)
    .ARM.Collect$$$$00002712                 0x000000d0   Section        4  entry2.o(.ARM.Collect$$$$00002712)
    .text                                    0x000000d4   Section       20  startup_mspm0g350x_uvision.o(.text)
    .text                                    0x000000e8   Section        0  fadd.o(.text)
    .text                                    0x0000019a   Section        0  fmul.o(.text)
    .text                                    0x00000214   Section        0  fdiv.o(.text)
    .text                                    0x00000290   Section        0  dmul.o(.text)
    .text                                    0x00000360   Section        0  ddiv.o(.text)
    .text                                    0x00000450   Section        0  fcmplt.o(.text)
    .text                                    0x0000046c   Section        0  fcmpgt.o(.text)
    .text                                    0x00000488   Section        0  fflti.o(.text)
    .text                                    0x0000049e   Section        0  ffltui.o(.text)
    .text                                    0x000004ac   Section        0  ffixi.o(.text)
    .text                                    0x000004de   Section        0  f2d.o(.text)
    .text                                    0x00000506   Section        0  d2f.o(.text)
    .text                                    0x0000053e   Section        0  llshl.o(.text)
    .text                                    0x0000055e   Section        0  iusefp.o(.text)
    .text                                    0x0000055e   Section        0  fepilogue.o(.text)
    .text                                    0x000005e0   Section        0  depilogue.o(.text)
    .text                                    0x000006a0   Section       48  init.o(.text)
    .text                                    0x000006d0   Section        0  llushr.o(.text)
    [Anonymous Symbol]                       0x000006f2   Section        0  dl_common.o(.text.DL_Common_delayCycles)
    [Anonymous Symbol]                       0x000006fc   Section        0  dl_i2c.o(.text.DL_I2C_setClockConfig)
    [Anonymous Symbol]                       0x00000724   Section        0  dl_sysctl_mspm0g1x0x_g3x0x.o(.text.DL_SYSCTL_configSYSPLL)
    __arm_cp.0_0                             0x000007d8   Number         4  dl_sysctl_mspm0g1x0x_g3x0x.o(.text.DL_SYSCTL_configSYSPLL)
    __arm_cp.0_2                             0x000007dc   Number         4  dl_sysctl_mspm0g1x0x_g3x0x.o(.text.DL_SYSCTL_configSYSPLL)
    __arm_cp.0_3                             0x000007e0   Number         4  dl_sysctl_mspm0g1x0x_g3x0x.o(.text.DL_SYSCTL_configSYSPLL)
    __arm_cp.0_4                             0x000007e4   Number         4  dl_sysctl_mspm0g1x0x_g3x0x.o(.text.DL_SYSCTL_configSYSPLL)
    [Anonymous Symbol]                       0x000007e8   Section        0  dl_sysctl_mspm0g1x0x_g3x0x.o(.text.DL_SYSCTL_switchMCLKfromSYSOSCtoHSCLK)
    __arm_cp.4_0                             0x00000808   Number         4  dl_sysctl_mspm0g1x0x_g3x0x.o(.text.DL_SYSCTL_switchMCLKfromSYSOSCtoHSCLK)
    __arm_cp.4_1                             0x0000080c   Number         4  dl_sysctl_mspm0g1x0x_g3x0x.o(.text.DL_SYSCTL_switchMCLKfromSYSOSCtoHSCLK)
    [Anonymous Symbol]                       0x00000810   Section        0  dl_timer.o(.text.DL_TimerA_initPWMMode)
    __arm_cp.39_0                            0x00000880   Number         4  dl_timer.o(.text.DL_TimerA_initPWMMode)
    [Anonymous Symbol]                       0x00000884   Section        0  dl_timer.o(.text.DL_Timer_initPWMMode)
    __arm_cp.11_1                            0x00000930   Number         4  dl_timer.o(.text.DL_Timer_initPWMMode)
    __arm_cp.11_2                            0x00000934   Number         4  dl_timer.o(.text.DL_Timer_initPWMMode)
    __arm_cp.11_3                            0x00000938   Number         4  dl_timer.o(.text.DL_Timer_initPWMMode)
    __arm_cp.11_4                            0x0000093c   Number         4  dl_timer.o(.text.DL_Timer_initPWMMode)
    __arm_cp.11_6                            0x00000940   Number         4  dl_timer.o(.text.DL_Timer_initPWMMode)
    [Anonymous Symbol]                       0x00000944   Section        0  dl_timer.o(.text.DL_Timer_initTimerMode)
    __arm_cp.2_0                             0x00000a24   Number         4  dl_timer.o(.text.DL_Timer_initTimerMode)
    __arm_cp.2_1                             0x00000a28   Number         4  dl_timer.o(.text.DL_Timer_initTimerMode)
    __arm_cp.2_2                             0x00000a2c   Number         4  dl_timer.o(.text.DL_Timer_initTimerMode)
    __arm_cp.2_3                             0x00000a30   Number         4  dl_timer.o(.text.DL_Timer_initTimerMode)
    [Anonymous Symbol]                       0x00000a34   Section        0  dl_timer.o(.text.DL_Timer_setCaptCompUpdateMethod)
    __arm_cp.26_0                            0x00000a4c   Number         4  dl_timer.o(.text.DL_Timer_setCaptCompUpdateMethod)
    [Anonymous Symbol]                       0x00000a50   Section        0  dl_timer.o(.text.DL_Timer_setCaptureCompareOutCtl)
    __arm_cp.13_0                            0x00000a64   Number         4  dl_timer.o(.text.DL_Timer_setCaptureCompareOutCtl)
    [Anonymous Symbol]                       0x00000a68   Section        0  dl_timer.o(.text.DL_Timer_setCaptureCompareValue)
    __arm_cp.3_0                             0x00000a74   Number         4  dl_timer.o(.text.DL_Timer_setCaptureCompareValue)
    [Anonymous Symbol]                       0x00000a78   Section        0  dl_timer.o(.text.DL_Timer_setClockConfig)
    __arm_cp.0_0                             0x00000a90   Number         4  dl_timer.o(.text.DL_Timer_setClockConfig)
    [Anonymous Symbol]                       0x00000a94   Section        0  dl_uart.o(.text.DL_UART_init)
    __arm_cp.0_0                             0x00000ad4   Number         4  dl_uart.o(.text.DL_UART_init)
    __arm_cp.0_1                             0x00000ad8   Number         4  dl_uart.o(.text.DL_UART_init)
    [Anonymous Symbol]                       0x00000adc   Section        0  dl_uart.o(.text.DL_UART_setClockConfig)
    [Anonymous Symbol]                       0x00000af0   Section        0  encoder.o(.text.GROUP1_IRQHandler)
    __arm_cp.0_0                             0x00000b88   Number         4  encoder.o(.text.GROUP1_IRQHandler)
    __arm_cp.0_1                             0x00000b8c   Number         4  encoder.o(.text.GROUP1_IRQHandler)
    __arm_cp.0_2                             0x00000b90   Number         4  encoder.o(.text.GROUP1_IRQHandler)
    __arm_cp.0_3                             0x00000b94   Number         4  encoder.o(.text.GROUP1_IRQHandler)
    __arm_cp.0_4                             0x00000b98   Number         4  encoder.o(.text.GROUP1_IRQHandler)
    __arm_cp.0_5                             0x00000b9c   Number         4  encoder.o(.text.GROUP1_IRQHandler)
    __arm_cp.0_6                             0x00000ba0   Number         4  encoder.o(.text.GROUP1_IRQHandler)
    __arm_cp.0_7                             0x00000ba4   Number         4  encoder.o(.text.GROUP1_IRQHandler)
    [Anonymous Symbol]                       0x00000ba8   Section        0  control.o(.text.Get_Velocity_From_Encoder)
    __arm_cp.2_0                             0x00000c10   Number         4  control.o(.text.Get_Velocity_From_Encoder)
    __arm_cp.2_1                             0x00000c14   Number         4  control.o(.text.Get_Velocity_From_Encoder)
    __arm_cp.2_2                             0x00000c18   Number         4  control.o(.text.Get_Velocity_From_Encoder)
    __arm_cp.2_3                             0x00000c1c   Number         4  control.o(.text.Get_Velocity_From_Encoder)
    __arm_cp.2_4                             0x00000c20   Number         4  control.o(.text.Get_Velocity_From_Encoder)
    __arm_cp.2_5                             0x00000c24   Number         4  control.o(.text.Get_Velocity_From_Encoder)
    __arm_cp.2_6                             0x00000c28   Number         4  control.o(.text.Get_Velocity_From_Encoder)
    [Anonymous Symbol]                       0x00000c2c   Section        0  led.o(.text.LED_Flash)
    __arm_cp.3_0                             0x00000c58   Number         4  led.o(.text.LED_Flash)
    __arm_cp.3_1                             0x00000c5c   Number         4  led.o(.text.LED_Flash)
    [Anonymous Symbol]                       0x00000c60   Section        0  oled.o(.text.OLED_Init)
    __arm_cp.16_3                            0x00001058   Number         4  oled.o(.text.OLED_Init)
    __arm_cp.16_4                            0x0000105c   Number         4  oled.o(.text.OLED_Init)
    __arm_cp.16_5                            0x000011a8   Number         4  oled.o(.text.OLED_Init)
    [Anonymous Symbol]                       0x000017f0   Section        0  oled.o(.text.OLED_Refresh_Gram)
    __arm_cp.0_0                             0x000019f4   Number         4  oled.o(.text.OLED_Refresh_Gram)
    __arm_cp.0_2                             0x000019f8   Number         4  oled.o(.text.OLED_Refresh_Gram)
    [Anonymous Symbol]                       0x000019fc   Section        0  ti_msp_dl_config.o(.text.SYSCFG_DL_GPIO_init)
    __arm_cp.2_0                             0x00001ab0   Number         4  ti_msp_dl_config.o(.text.SYSCFG_DL_GPIO_init)
    __arm_cp.2_1                             0x00001ab4   Number         4  ti_msp_dl_config.o(.text.SYSCFG_DL_GPIO_init)
    __arm_cp.2_2                             0x00001ab8   Number         4  ti_msp_dl_config.o(.text.SYSCFG_DL_GPIO_init)
    __arm_cp.2_3                             0x00001abc   Number         4  ti_msp_dl_config.o(.text.SYSCFG_DL_GPIO_init)
    __arm_cp.2_4                             0x00001ac0   Number         4  ti_msp_dl_config.o(.text.SYSCFG_DL_GPIO_init)
    __arm_cp.2_5                             0x00001ac4   Number         4  ti_msp_dl_config.o(.text.SYSCFG_DL_GPIO_init)
    __arm_cp.2_6                             0x00001ac8   Number         4  ti_msp_dl_config.o(.text.SYSCFG_DL_GPIO_init)
    __arm_cp.2_7                             0x00001acc   Number         4  ti_msp_dl_config.o(.text.SYSCFG_DL_GPIO_init)
    __arm_cp.2_8                             0x00001ad0   Number         4  ti_msp_dl_config.o(.text.SYSCFG_DL_GPIO_init)
    __arm_cp.2_9                             0x00001ad4   Number         4  ti_msp_dl_config.o(.text.SYSCFG_DL_GPIO_init)
    __arm_cp.2_10                            0x00001ad8   Number         4  ti_msp_dl_config.o(.text.SYSCFG_DL_GPIO_init)
    __arm_cp.2_11                            0x00001adc   Number         4  ti_msp_dl_config.o(.text.SYSCFG_DL_GPIO_init)
    [Anonymous Symbol]                       0x00001ae0   Section        0  ti_msp_dl_config.o(.text.SYSCFG_DL_I2C_0_init)
    __arm_cp.6_0                             0x00001b28   Number         4  ti_msp_dl_config.o(.text.SYSCFG_DL_I2C_0_init)
    __arm_cp.6_1                             0x00001b2c   Number         4  ti_msp_dl_config.o(.text.SYSCFG_DL_I2C_0_init)
    __arm_cp.6_2                             0x00001b30   Number         4  ti_msp_dl_config.o(.text.SYSCFG_DL_I2C_0_init)
    [Anonymous Symbol]                       0x00001b34   Section        0  ti_msp_dl_config.o(.text.SYSCFG_DL_PWM_0_init)
    __arm_cp.4_1                             0x00001ba0   Number         4  ti_msp_dl_config.o(.text.SYSCFG_DL_PWM_0_init)
    __arm_cp.4_2                             0x00001ba4   Number         4  ti_msp_dl_config.o(.text.SYSCFG_DL_PWM_0_init)
    __arm_cp.4_3                             0x00001ba8   Number         4  ti_msp_dl_config.o(.text.SYSCFG_DL_PWM_0_init)
    [Anonymous Symbol]                       0x00001bac   Section        0  ti_msp_dl_config.o(.text.SYSCFG_DL_SYSCTL_init)
    __arm_cp.3_0                             0x00001c20   Number         4  ti_msp_dl_config.o(.text.SYSCFG_DL_SYSCTL_init)
    __arm_cp.3_1                             0x00001c24   Number         4  ti_msp_dl_config.o(.text.SYSCFG_DL_SYSCTL_init)
    __arm_cp.3_2                             0x00001c28   Number         4  ti_msp_dl_config.o(.text.SYSCFG_DL_SYSCTL_init)
    __arm_cp.3_3                             0x00001c2c   Number         4  ti_msp_dl_config.o(.text.SYSCFG_DL_SYSCTL_init)
    [Anonymous Symbol]                       0x00001c30   Section        0  ti_msp_dl_config.o(.text.SYSCFG_DL_SYSTICK_init)
    __arm_cp.8_0                             0x00001c48   Number         4  ti_msp_dl_config.o(.text.SYSCFG_DL_SYSTICK_init)
    __arm_cp.8_1                             0x00001c4c   Number         4  ti_msp_dl_config.o(.text.SYSCFG_DL_SYSTICK_init)
    [Anonymous Symbol]                       0x00001c50   Section        0  ti_msp_dl_config.o(.text.SYSCFG_DL_TIMER_0_init)
    __arm_cp.5_0                             0x00001c74   Number         4  ti_msp_dl_config.o(.text.SYSCFG_DL_TIMER_0_init)
    __arm_cp.5_1                             0x00001c78   Number         4  ti_msp_dl_config.o(.text.SYSCFG_DL_TIMER_0_init)
    __arm_cp.5_2                             0x00001c7c   Number         4  ti_msp_dl_config.o(.text.SYSCFG_DL_TIMER_0_init)
    __arm_cp.5_3                             0x00001c80   Number         4  ti_msp_dl_config.o(.text.SYSCFG_DL_TIMER_0_init)
    __arm_cp.5_4                             0x00001c84   Number         4  ti_msp_dl_config.o(.text.SYSCFG_DL_TIMER_0_init)
    [Anonymous Symbol]                       0x00001c88   Section        0  ti_msp_dl_config.o(.text.SYSCFG_DL_UART_0_init)
    __arm_cp.7_0                             0x00001cf8   Number         4  ti_msp_dl_config.o(.text.SYSCFG_DL_UART_0_init)
    __arm_cp.7_1                             0x00001cfc   Number         4  ti_msp_dl_config.o(.text.SYSCFG_DL_UART_0_init)
    __arm_cp.7_2                             0x00001d00   Number         4  ti_msp_dl_config.o(.text.SYSCFG_DL_UART_0_init)
    __arm_cp.7_3                             0x00001d04   Number         4  ti_msp_dl_config.o(.text.SYSCFG_DL_UART_0_init)
    __arm_cp.7_4                             0x00001d08   Number         4  ti_msp_dl_config.o(.text.SYSCFG_DL_UART_0_init)
    [Anonymous Symbol]                       0x00001d0c   Section        0  ti_msp_dl_config.o(.text.SYSCFG_DL_init)
    __arm_cp.0_0                             0x00001d38   Number         4  ti_msp_dl_config.o(.text.SYSCFG_DL_init)
    [Anonymous Symbol]                       0x00001d3c   Section        0  ti_msp_dl_config.o(.text.SYSCFG_DL_initPower)
    __arm_cp.1_0                             0x00001d70   Number         4  ti_msp_dl_config.o(.text.SYSCFG_DL_initPower)
    __arm_cp.1_1                             0x00001d74   Number         4  ti_msp_dl_config.o(.text.SYSCFG_DL_initPower)
    __arm_cp.1_2                             0x00001d78   Number         4  ti_msp_dl_config.o(.text.SYSCFG_DL_initPower)
    __arm_cp.1_3                             0x00001d7c   Number         4  ti_msp_dl_config.o(.text.SYSCFG_DL_initPower)
    __arm_cp.1_4                             0x00001d80   Number         4  ti_msp_dl_config.o(.text.SYSCFG_DL_initPower)
    __arm_cp.1_5                             0x00001d84   Number         4  ti_msp_dl_config.o(.text.SYSCFG_DL_initPower)
    __arm_cp.1_6                             0x00001d88   Number         4  ti_msp_dl_config.o(.text.SYSCFG_DL_initPower)
    __arm_cp.1_7                             0x00001d8c   Number         4  ti_msp_dl_config.o(.text.SYSCFG_DL_initPower)
    [Anonymous Symbol]                       0x00001d90   Section        0  motor.o(.text.Set_PWM)
    __arm_cp.1_0                             0x00001ddc   Number         4  motor.o(.text.Set_PWM)
    __arm_cp.1_1                             0x00001de0   Number         4  motor.o(.text.Set_PWM)
    [Anonymous Symbol]                       0x00001de4   Section        0  control.o(.text.TIMG0_IRQHandler)
    __arm_cp.0_0                             0x00001f64   Number         4  control.o(.text.TIMG0_IRQHandler)
    __arm_cp.0_1                             0x00001f68   Number         4  control.o(.text.TIMG0_IRQHandler)
    __arm_cp.0_2                             0x00001f6c   Number         4  control.o(.text.TIMG0_IRQHandler)
    __arm_cp.0_3                             0x00001f70   Number         4  control.o(.text.TIMG0_IRQHandler)
    __arm_cp.0_4                             0x00001f74   Number         4  control.o(.text.TIMG0_IRQHandler)
    __arm_cp.0_5                             0x00001f78   Number         4  control.o(.text.TIMG0_IRQHandler)
    __arm_cp.0_6                             0x00001f7c   Number         4  control.o(.text.TIMG0_IRQHandler)
    __arm_cp.0_7                             0x00001f80   Number         4  control.o(.text.TIMG0_IRQHandler)
    __arm_cp.0_8                             0x00001f84   Number         4  control.o(.text.TIMG0_IRQHandler)
    __arm_cp.0_9                             0x00001f88   Number         4  control.o(.text.TIMG0_IRQHandler)
    __arm_cp.0_10                            0x00001f8c   Number         4  control.o(.text.TIMG0_IRQHandler)
    __arm_cp.0_11                            0x00001f90   Number         4  control.o(.text.TIMG0_IRQHandler)
    __arm_cp.0_12                            0x00001f94   Number         4  control.o(.text.TIMG0_IRQHandler)
    __arm_cp.0_13                            0x00001f98   Number         4  control.o(.text.TIMG0_IRQHandler)
    __arm_cp.0_14                            0x00001f9c   Number         4  control.o(.text.TIMG0_IRQHandler)
    [Anonymous Symbol]                       0x00001fa0   Section        0  board.o(.text.delay_ms)
    __arm_cp.2_0                             0x00002090   Number         4  board.o(.text.delay_ms)
    __arm_cp.2_1                             0x00002094   Number         4  board.o(.text.delay_ms)
    __arm_cp.2_2                             0x00002098   Number         4  board.o(.text.delay_ms)
    [Anonymous Symbol]                       0x0000209c   Section        0  key.o(.text.key_scan)
    __arm_cp.1_0                             0x00002178   Number         4  key.o(.text.key_scan)
    __arm_cp.1_1                             0x0000217c   Number         4  key.o(.text.key_scan)
    __arm_cp.1_2                             0x00002180   Number         4  key.o(.text.key_scan)
    __arm_cp.1_3                             0x00002184   Number         4  key.o(.text.key_scan)
    __arm_cp.1_4                             0x00002188   Number         4  key.o(.text.key_scan)
    __arm_cp.1_5                             0x0000218c   Number         4  key.o(.text.key_scan)
    __arm_cp.1_6                             0x00002190   Number         4  key.o(.text.key_scan)
    __arm_cp.1_7                             0x00002194   Number         4  key.o(.text.key_scan)
    __arm_cp.1_8                             0x00002198   Number         4  key.o(.text.key_scan)
    [Anonymous Symbol]                       0x0000219c   Section        0  empty.o(.text.main)
    __arm_cp.0_0                             0x000021c4   Number         4  empty.o(.text.main)
    __arm_cp.0_1                             0x000021c8   Number         4  empty.o(.text.main)
    __arm_cp.0_2                             0x000021cc   Number         4  empty.o(.text.main)
    i.__ARM_clz                              0x000021d0   Section        0  depilogue.o(i.__ARM_clz)
    i.__scatterload_copy                     0x00002200   Section       14  handlers.o(i.__scatterload_copy)
    i.__scatterload_null                     0x00002210   Section        2  handlers.o(i.__scatterload_null)
    i.__scatterload_zeroinit                 0x00002218   Section       14  handlers.o(i.__scatterload_zeroinit)
    gI2C_0ClockConfig                        0x00002226   Data           2  ti_msp_dl_config.o(.rodata.gI2C_0ClockConfig)
    [Anonymous Symbol]                       0x00002226   Section        0  ti_msp_dl_config.o(.rodata.gI2C_0ClockConfig)
    gPWM_0ClockConfig                        0x00002228   Data           3  ti_msp_dl_config.o(.rodata.gPWM_0ClockConfig)
    [Anonymous Symbol]                       0x00002228   Section        0  ti_msp_dl_config.o(.rodata.gPWM_0ClockConfig)
    gPWM_0Config                             0x0000222c   Data           8  ti_msp_dl_config.o(.rodata.gPWM_0Config)
    [Anonymous Symbol]                       0x0000222c   Section        0  ti_msp_dl_config.o(.rodata.gPWM_0Config)
    gSYSPLLConfig                            0x00002234   Data          40  ti_msp_dl_config.o(.rodata.gSYSPLLConfig)
    [Anonymous Symbol]                       0x00002234   Section        0  ti_msp_dl_config.o(.rodata.gSYSPLLConfig)
    gTIMER_0ClockConfig                      0x0000225c   Data           3  ti_msp_dl_config.o(.rodata.gTIMER_0ClockConfig)
    [Anonymous Symbol]                       0x0000225c   Section        0  ti_msp_dl_config.o(.rodata.gTIMER_0ClockConfig)
    gTIMER_0TimerConfig                      0x00002260   Data          20  ti_msp_dl_config.o(.rodata.gTIMER_0TimerConfig)
    [Anonymous Symbol]                       0x00002260   Section        0  ti_msp_dl_config.o(.rodata.gTIMER_0TimerConfig)
    gUART_0ClockConfig                       0x00002274   Data           2  ti_msp_dl_config.o(.rodata.gUART_0ClockConfig)
    [Anonymous Symbol]                       0x00002274   Section        0  ti_msp_dl_config.o(.rodata.gUART_0ClockConfig)
    gUART_0Config                            0x00002276   Data          10  ti_msp_dl_config.o(.rodata.gUART_0Config)
    [Anonymous Symbol]                       0x00002276   Section        0  ti_msp_dl_config.o(.rodata.gUART_0Config)
    Incremental_PI_Left.Last_bias            0x20200018   Data           4  control.o(.bss.Incremental_PI_Left.Last_bias)
    [Anonymous Symbol]                       0x20200018   Section        0  control.o(.bss.Incremental_PI_Left.Last_bias)
    Incremental_PI_Left.Pwm                  0x2020001c   Data           4  control.o(.bss.Incremental_PI_Left.Pwm)
    [Anonymous Symbol]                       0x2020001c   Section        0  control.o(.bss.Incremental_PI_Left.Pwm)
    Incremental_PI_Right.Last_bias           0x20200020   Data           4  control.o(.bss.Incremental_PI_Right.Last_bias)
    [Anonymous Symbol]                       0x20200020   Section        0  control.o(.bss.Incremental_PI_Right.Last_bias)
    Incremental_PI_Right.Pwm                 0x20200024   Data           4  control.o(.bss.Incremental_PI_Right.Pwm)
    [Anonymous Symbol]                       0x20200024   Section        0  control.o(.bss.Incremental_PI_Right.Pwm)
    LED_Flash.temp                           0x20200028   Data           2  led.o(.bss.LED_Flash.temp)
    [Anonymous Symbol]                       0x20200028   Section        0  led.o(.bss.LED_Flash.temp)
    key_scan.check_once                      0x20200518   Data           1  key.o(.bss.key_scan.check_once)
    [Anonymous Symbol]                       0x20200518   Section        0  key.o(.bss.key_scan.check_once)
    key_scan.long_press_time                 0x2020051a   Data           2  key.o(.bss.key_scan.long_press_time)
    [Anonymous Symbol]                       0x2020051a   Section        0  key.o(.bss.key_scan.long_press_time)
    key_scan.press_flag                      0x2020051c   Data           1  key.o(.bss.key_scan.press_flag)
    [Anonymous Symbol]                       0x2020051c   Section        0  key.o(.bss.key_scan.press_flag)
    key_scan.time_core                       0x2020051e   Data           2  key.o(.bss.key_scan.time_core)
    [Anonymous Symbol]                       0x2020051e   Section        0  key.o(.bss.key_scan.time_core)
    STACK                                    0x20200520   Section     4096  startup_mspm0g350x_uvision.o(STACK)

    Global Symbols

    Symbol Name                              Value     Ov Type        Size  Object(Section)

    BuildAttributes$$THM_ISAv3M$S$PE$A:L22$X:L11$S22$IEEE1$IW$~IW$USESV6$~STKCKD$USESV7$~SHL$OTIME$ROPI$IEEEX$EBA8$MICROLIB$REQ8$PRES8$EABIv2 0x00000000   Number         0  anon$$obj.o ABSOLUTE
    __Vectors                                0x00000000   Data           4  startup_mspm0g350x_uvision.o(RESET)
    _printf_a                                0x00000000   Number         0  printfstubs.o ABSOLUTE
    _printf_c                                0x00000000   Number         0  printfstubs.o ABSOLUTE
    _printf_charcount                        0x00000000   Number         0  printfstubs.o ABSOLUTE
    _printf_d                                0x00000000   Number         0  printfstubs.o ABSOLUTE
    _printf_e                                0x00000000   Number         0  printfstubs.o ABSOLUTE
    _printf_f                                0x00000000   Number         0  printfstubs.o ABSOLUTE
    _printf_flags                            0x00000000   Number         0  printfstubs.o ABSOLUTE
    _printf_fp_dec                           0x00000000   Number         0  printfstubs.o ABSOLUTE
    _printf_fp_hex                           0x00000000   Number         0  printfstubs.o ABSOLUTE
    _printf_g                                0x00000000   Number         0  printfstubs.o ABSOLUTE
    _printf_i                                0x00000000   Number         0  printfstubs.o ABSOLUTE
    _printf_int_dec                          0x00000000   Number         0  printfstubs.o ABSOLUTE
    _printf_l                                0x00000000   Number         0  printfstubs.o ABSOLUTE
    _printf_lc                               0x00000000   Number         0  printfstubs.o ABSOLUTE
    _printf_ll                               0x00000000   Number         0  printfstubs.o ABSOLUTE
    _printf_lld                              0x00000000   Number         0  printfstubs.o ABSOLUTE
    _printf_lli                              0x00000000   Number         0  printfstubs.o ABSOLUTE
    _printf_llo                              0x00000000   Number         0  printfstubs.o ABSOLUTE
    _printf_llu                              0x00000000   Number         0  printfstubs.o ABSOLUTE
    _printf_llx                              0x00000000   Number         0  printfstubs.o ABSOLUTE
    _printf_longlong_dec                     0x00000000   Number         0  printfstubs.o ABSOLUTE
    _printf_longlong_hex                     0x00000000   Number         0  printfstubs.o ABSOLUTE
    _printf_longlong_oct                     0x00000000   Number         0  printfstubs.o ABSOLUTE
    _printf_ls                               0x00000000   Number         0  printfstubs.o ABSOLUTE
    _printf_mbtowc                           0x00000000   Number         0  printfstubs.o ABSOLUTE
    _printf_n                                0x00000000   Number         0  printfstubs.o ABSOLUTE
    _printf_o                                0x00000000   Number         0  printfstubs.o ABSOLUTE
    _printf_p                                0x00000000   Number         0  printfstubs.o ABSOLUTE
    _printf_percent                          0x00000000   Number         0  printfstubs.o ABSOLUTE
    _printf_pre_padding                      0x00000000   Number         0  printfstubs.o ABSOLUTE
    _printf_return_value                     0x00000000   Number         0  printfstubs.o ABSOLUTE
    _printf_s                                0x00000000   Number         0  printfstubs.o ABSOLUTE
    _printf_sizespec                         0x00000000   Number         0  printfstubs.o ABSOLUTE
    _printf_str                              0x00000000   Number         0  printfstubs.o ABSOLUTE
    _printf_truncate_signed                  0x00000000   Number         0  printfstubs.o ABSOLUTE
    _printf_truncate_unsigned                0x00000000   Number         0  printfstubs.o ABSOLUTE
    _printf_u                                0x00000000   Number         0  printfstubs.o ABSOLUTE
    _printf_wc                               0x00000000   Number         0  printfstubs.o ABSOLUTE
    _printf_wctomb                           0x00000000   Number         0  printfstubs.o ABSOLUTE
    _printf_widthprec                        0x00000000   Number         0  printfstubs.o ABSOLUTE
    _printf_x                                0x00000000   Number         0  printfstubs.o ABSOLUTE
    __cpp_initialize__aeabi_                  - Undefined Weak Reference
    __cxa_finalize                            - Undefined Weak Reference
    __decompress                              - Undefined Weak Reference
    _clock_init                               - Undefined Weak Reference
    _microlib_exit                            - Undefined Weak Reference
    __Vectors_End                            0x000000c0   Data           0  startup_mspm0g350x_uvision.o(RESET)
    __Vectors_Size                           0x000000c0   Number         0  startup_mspm0g350x_uvision.o ABSOLUTE
    __main                                   0x000000c1   Thumb Code     0  entry.o(.ARM.Collect$$$$00000000)
    _main_stk                                0x000000c1   Thumb Code     0  entry2.o(.ARM.Collect$$$$00000001)
    _main_scatterload                        0x000000c5   Thumb Code     0  entry5.o(.ARM.Collect$$$$00000004)
    __main_after_scatterload                 0x000000c9   Thumb Code     0  entry5.o(.ARM.Collect$$$$00000004)
    _main_clock                              0x000000c9   Thumb Code     0  entry7b.o(.ARM.Collect$$$$00000008)
    _main_cpp_init                           0x000000c9   Thumb Code     0  entry8b.o(.ARM.Collect$$$$0000000A)
    _main_init                               0x000000c9   Thumb Code     0  entry9a.o(.ARM.Collect$$$$0000000B)
    __rt_final_cpp                           0x000000d1   Thumb Code     0  entry10a.o(.ARM.Collect$$$$0000000D)
    __rt_final_exit                          0x000000d1   Thumb Code     0  entry11a.o(.ARM.Collect$$$$0000000F)
    Reset_Handler                            0x000000d5   Thumb Code     4  startup_mspm0g350x_uvision.o(.text)
    NMI_Handler                              0x000000d9   Thumb Code     2  startup_mspm0g350x_uvision.o(.text)
    HardFault_Handler                        0x000000db   Thumb Code     2  startup_mspm0g350x_uvision.o(.text)
    SVC_Handler                              0x000000dd   Thumb Code     2  startup_mspm0g350x_uvision.o(.text)
    PendSV_Handler                           0x000000df   Thumb Code     2  startup_mspm0g350x_uvision.o(.text)
    SysTick_Handler                          0x000000e1   Thumb Code     2  startup_mspm0g350x_uvision.o(.text)
    ADC0_IRQHandler                          0x000000e3   Thumb Code     0  startup_mspm0g350x_uvision.o(.text)
    ADC1_IRQHandler                          0x000000e3   Thumb Code     0  startup_mspm0g350x_uvision.o(.text)
    AES_IRQHandler                           0x000000e3   Thumb Code     0  startup_mspm0g350x_uvision.o(.text)
    CANFD0_IRQHandler                        0x000000e3   Thumb Code     0  startup_mspm0g350x_uvision.o(.text)
    DAC0_IRQHandler                          0x000000e3   Thumb Code     0  startup_mspm0g350x_uvision.o(.text)
    DMA_IRQHandler                           0x000000e3   Thumb Code     0  startup_mspm0g350x_uvision.o(.text)
    Default_Handler                          0x000000e3   Thumb Code     2  startup_mspm0g350x_uvision.o(.text)
    GROUP0_IRQHandler                        0x000000e3   Thumb Code     0  startup_mspm0g350x_uvision.o(.text)
    I2C0_IRQHandler                          0x000000e3   Thumb Code     0  startup_mspm0g350x_uvision.o(.text)
    I2C1_IRQHandler                          0x000000e3   Thumb Code     0  startup_mspm0g350x_uvision.o(.text)
    RTC_IRQHandler                           0x000000e3   Thumb Code     0  startup_mspm0g350x_uvision.o(.text)
    SPI0_IRQHandler                          0x000000e3   Thumb Code     0  startup_mspm0g350x_uvision.o(.text)
    SPI1_IRQHandler                          0x000000e3   Thumb Code     0  startup_mspm0g350x_uvision.o(.text)
    TIMA0_IRQHandler                         0x000000e3   Thumb Code     0  startup_mspm0g350x_uvision.o(.text)
    TIMA1_IRQHandler                         0x000000e3   Thumb Code     0  startup_mspm0g350x_uvision.o(.text)
    TIMG12_IRQHandler                        0x000000e3   Thumb Code     0  startup_mspm0g350x_uvision.o(.text)
    TIMG6_IRQHandler                         0x000000e3   Thumb Code     0  startup_mspm0g350x_uvision.o(.text)
    TIMG7_IRQHandler                         0x000000e3   Thumb Code     0  startup_mspm0g350x_uvision.o(.text)
    TIMG8_IRQHandler                         0x000000e3   Thumb Code     0  startup_mspm0g350x_uvision.o(.text)
    UART0_IRQHandler                         0x000000e3   Thumb Code     0  startup_mspm0g350x_uvision.o(.text)
    UART1_IRQHandler                         0x000000e3   Thumb Code     0  startup_mspm0g350x_uvision.o(.text)
    UART2_IRQHandler                         0x000000e3   Thumb Code     0  startup_mspm0g350x_uvision.o(.text)
    UART3_IRQHandler                         0x000000e3   Thumb Code     0  startup_mspm0g350x_uvision.o(.text)
    __aeabi_fadd                             0x000000e9   Thumb Code   162  fadd.o(.text)
    __aeabi_fsub                             0x0000018b   Thumb Code     8  fadd.o(.text)
    __aeabi_frsub                            0x00000193   Thumb Code     8  fadd.o(.text)
    __aeabi_fmul                             0x0000019b   Thumb Code   122  fmul.o(.text)
    __aeabi_fdiv                             0x00000215   Thumb Code   124  fdiv.o(.text)
    __aeabi_dmul                             0x00000291   Thumb Code   202  dmul.o(.text)
    __aeabi_ddiv                             0x00000361   Thumb Code   234  ddiv.o(.text)
    __aeabi_fcmplt                           0x00000451   Thumb Code    28  fcmplt.o(.text)
    __aeabi_fcmpgt                           0x0000046d   Thumb Code    28  fcmpgt.o(.text)
    __aeabi_i2f                              0x00000489   Thumb Code    22  fflti.o(.text)
    __aeabi_ui2f                             0x0000049f   Thumb Code    14  ffltui.o(.text)
    __aeabi_f2iz                             0x000004ad   Thumb Code    50  ffixi.o(.text)
    __aeabi_f2d                              0x000004df   Thumb Code    40  f2d.o(.text)
    __aeabi_d2f                              0x00000507   Thumb Code    56  d2f.o(.text)
    __aeabi_llsl                             0x0000053f   Thumb Code    32  llshl.o(.text)
    _ll_shift_l                              0x0000053f   Thumb Code     0  llshl.o(.text)
    __I$use$fp                               0x0000055f   Thumb Code     0  iusefp.o(.text)
    _float_round                             0x0000055f   Thumb Code    16  fepilogue.o(.text)
    _float_epilogue                          0x0000056f   Thumb Code   114  fepilogue.o(.text)
    _double_round                            0x000005e1   Thumb Code    26  depilogue.o(.text)
    _double_epilogue                         0x000005fb   Thumb Code   164  depilogue.o(.text)
    __scatterload                            0x000006a1   Thumb Code    38  init.o(.text)
    __scatterload_rt2                        0x000006a1   Thumb Code     0  init.o(.text)
    __aeabi_llsr                             0x000006d1   Thumb Code    34  llushr.o(.text)
    _ll_ushift_r                             0x000006d1   Thumb Code     0  llushr.o(.text)
    DL_Common_delayCycles                    0x000006f3   Thumb Code    10  dl_common.o(.text.DL_Common_delayCycles)
    DL_I2C_setClockConfig                    0x000006fd   Thumb Code    38  dl_i2c.o(.text.DL_I2C_setClockConfig)
    DL_SYSCTL_configSYSPLL                   0x00000725   Thumb Code   196  dl_sysctl_mspm0g1x0x_g3x0x.o(.text.DL_SYSCTL_configSYSPLL)
    DL_SYSCTL_switchMCLKfromSYSOSCtoHSCLK    0x000007e9   Thumb Code    40  dl_sysctl_mspm0g1x0x_g3x0x.o(.text.DL_SYSCTL_switchMCLKfromSYSOSCtoHSCLK)
    DL_TimerA_initPWMMode                    0x00000811   Thumb Code   116  dl_timer.o(.text.DL_TimerA_initPWMMode)
    DL_Timer_initPWMMode                     0x00000885   Thumb Code   192  dl_timer.o(.text.DL_Timer_initPWMMode)
    DL_Timer_initTimerMode                   0x00000945   Thumb Code   240  dl_timer.o(.text.DL_Timer_initTimerMode)
    DL_Timer_setCaptCompUpdateMethod         0x00000a35   Thumb Code    28  dl_timer.o(.text.DL_Timer_setCaptCompUpdateMethod)
    DL_Timer_setCaptureCompareOutCtl         0x00000a51   Thumb Code    24  dl_timer.o(.text.DL_Timer_setCaptureCompareOutCtl)
    DL_Timer_setCaptureCompareValue          0x00000a69   Thumb Code    16  dl_timer.o(.text.DL_Timer_setCaptureCompareValue)
    DL_Timer_setClockConfig                  0x00000a79   Thumb Code    28  dl_timer.o(.text.DL_Timer_setClockConfig)
    DL_UART_init                             0x00000a95   Thumb Code    72  dl_uart.o(.text.DL_UART_init)
    DL_UART_setClockConfig                   0x00000add   Thumb Code    18  dl_uart.o(.text.DL_UART_setClockConfig)
    GROUP1_IRQHandler                        0x00000af1   Thumb Code   152  encoder.o(.text.GROUP1_IRQHandler)
    Get_Velocity_From_Encoder                0x00000ba9   Thumb Code   104  control.o(.text.Get_Velocity_From_Encoder)
    LED_Flash                                0x00000c2d   Thumb Code    44  led.o(.text.LED_Flash)
    OLED_Init                                0x00000c61   Thumb Code  2958  oled.o(.text.OLED_Init)
    OLED_Refresh_Gram                        0x000017f1   Thumb Code   516  oled.o(.text.OLED_Refresh_Gram)
    SYSCFG_DL_GPIO_init                      0x000019fd   Thumb Code   180  ti_msp_dl_config.o(.text.SYSCFG_DL_GPIO_init)
    SYSCFG_DL_I2C_0_init                     0x00001ae1   Thumb Code    72  ti_msp_dl_config.o(.text.SYSCFG_DL_I2C_0_init)
    SYSCFG_DL_PWM_0_init                     0x00001b35   Thumb Code   108  ti_msp_dl_config.o(.text.SYSCFG_DL_PWM_0_init)
    SYSCFG_DL_SYSCTL_init                    0x00001bad   Thumb Code   116  ti_msp_dl_config.o(.text.SYSCFG_DL_SYSCTL_init)
    SYSCFG_DL_SYSTICK_init                   0x00001c31   Thumb Code    24  ti_msp_dl_config.o(.text.SYSCFG_DL_SYSTICK_init)
    SYSCFG_DL_TIMER_0_init                   0x00001c51   Thumb Code    36  ti_msp_dl_config.o(.text.SYSCFG_DL_TIMER_0_init)
    SYSCFG_DL_UART_0_init                    0x00001c89   Thumb Code   112  ti_msp_dl_config.o(.text.SYSCFG_DL_UART_0_init)
    SYSCFG_DL_init                           0x00001d0d   Thumb Code    44  ti_msp_dl_config.o(.text.SYSCFG_DL_init)
    SYSCFG_DL_initPower                      0x00001d3d   Thumb Code    52  ti_msp_dl_config.o(.text.SYSCFG_DL_initPower)
    Set_PWM                                  0x00001d91   Thumb Code    76  motor.o(.text.Set_PWM)
    TIMG0_IRQHandler                         0x00001de5   Thumb Code   384  control.o(.text.TIMG0_IRQHandler)
    delay_ms                                 0x00001fa1   Thumb Code   240  board.o(.text.delay_ms)
    key_scan                                 0x0000209d   Thumb Code   220  key.o(.text.key_scan)
    main                                     0x0000219d   Thumb Code    40  empty.o(.text.main)
    __ARM_clz                                0x000021d1   Thumb Code    46  depilogue.o(i.__ARM_clz)
    __scatterload_copy                       0x00002201   Thumb Code    14  handlers.o(i.__scatterload_copy)
    __scatterload_null                       0x00002211   Thumb Code     2  handlers.o(i.__scatterload_null)
    __scatterload_zeroinit                   0x00002219   Thumb Code    14  handlers.o(i.__scatterload_zeroinit)
    Region$$Table$$Base                      0x00002280   Number         0  anon$$obj.o(Region$$Table)
    Region$$Table$$Limit                     0x000022a0   Number         0  anon$$obj.o(Region$$Table)
    Flag_Stop                                0x20200000   Data           4  control.o(.data.Flag_Stop)
    Run_Mode                                 0x20200004   Data           4  control.o(.data.Run_Mode)
    Velocity_KI                              0x20200008   Data           4  control.o(.data.Velocity_KI)
    Velocity_KP                              0x2020000c   Data           4  control.o(.data.Velocity_KP)
    Get_Encoder_countA                       0x20200010   Data           4  encoder.o(.bss.Get_Encoder_countA)
    Get_Encoder_countB                       0x20200014   Data           4  encoder.o(.bss.Get_Encoder_countB)
    MotorA                                   0x2020002c   Data          16  control.o(.bss.MotorA)
    MotorB                                   0x2020003c   Data          16  control.o(.bss.MotorB)
    OLED_GRAM                                0x2020004c   Data        1024  oled.o(.bss.OLED_GRAM)
    OriginalEncoder                          0x2020044c   Data           8  control.o(.bss.OriginalEncoder)
    gPWM_0Backup                             0x20200454   Data         188  ti_msp_dl_config.o(.bss.gPWM_0Backup)
    gpio_interrup1                           0x20200510   Data           4  encoder.o(.bss.gpio_interrup1)
    gpio_interrup2                           0x20200514   Data           4  encoder.o(.bss.gpio_interrup2)
    __initial_sp                             0x20201520   Data           0  startup_mspm0g350x_uvision.o(STACK)



==============================================================================

Memory Map of the image

  Image Entry point : 0x000000c1

  Load Region LR_IROM1 (Base: 0x00000000, Size: 0x000022b0, Max: 0x00020000, ABSOLUTE)

    Execution Region ER_IROM1 (Exec base: 0x00000000, Load base: 0x00000000, Size: 0x000022a0, Max: 0x00020000, ABSOLUTE)

    Exec Addr    Load Addr    Size         Type   Attr      Idx    E Section Name        Object

    0x00000000   0x00000000   0x000000c0   Data   RO           16    RESET               startup_mspm0g350x_uvision.o
    0x000000c0   0x000000c0   0x00000000   Code   RO          785  * .ARM.Collect$$$$00000000  mc_p.l(entry.o)
    0x000000c0   0x000000c0   0x00000004   Code   RO         1129    .ARM.Collect$$$$00000001  mc_p.l(entry2.o)
    0x000000c4   0x000000c4   0x00000004   Code   RO         1132    .ARM.Collect$$$$00000004  mc_p.l(entry5.o)
    0x000000c8   0x000000c8   0x00000000   Code   RO         1134    .ARM.Collect$$$$00000008  mc_p.l(entry7b.o)
    0x000000c8   0x000000c8   0x00000000   Code   RO         1136    .ARM.Collect$$$$0000000A  mc_p.l(entry8b.o)
    0x000000c8   0x000000c8   0x00000008   Code   RO         1137    .ARM.Collect$$$$0000000B  mc_p.l(entry9a.o)
    0x000000d0   0x000000d0   0x00000000   Code   RO         1139    .ARM.Collect$$$$0000000D  mc_p.l(entry10a.o)
    0x000000d0   0x000000d0   0x00000000   Code   RO         1141    .ARM.Collect$$$$0000000F  mc_p.l(entry11a.o)
    0x000000d0   0x000000d0   0x00000004   Code   RO         1130    .ARM.Collect$$$$00002712  mc_p.l(entry2.o)
    0x000000d4   0x000000d4   0x00000014   Code   RO           17    .text               startup_mspm0g350x_uvision.o
    0x000000e8   0x000000e8   0x000000b2   Code   RO         1069    .text               mf_p.l(fadd.o)
    0x0000019a   0x0000019a   0x0000007a   Code   RO         1071    .text               mf_p.l(fmul.o)
    0x00000214   0x00000214   0x0000007c   Code   RO         1073    .text               mf_p.l(fdiv.o)
    0x00000290   0x00000290   0x000000d0   Code   RO         1077    .text               mf_p.l(dmul.o)
    0x00000360   0x00000360   0x000000f0   Code   RO         1079    .text               mf_p.l(ddiv.o)
    0x00000450   0x00000450   0x0000001c   Code   RO         1083    .text               mf_p.l(fcmplt.o)
    0x0000046c   0x0000046c   0x0000001c   Code   RO         1087    .text               mf_p.l(fcmpgt.o)
    0x00000488   0x00000488   0x00000016   Code   RO         1091    .text               mf_p.l(fflti.o)
    0x0000049e   0x0000049e   0x0000000e   Code   RO         1093    .text               mf_p.l(ffltui.o)
    0x000004ac   0x000004ac   0x00000032   Code   RO         1095    .text               mf_p.l(ffixi.o)
    0x000004de   0x000004de   0x00000028   Code   RO         1097    .text               mf_p.l(f2d.o)
    0x00000506   0x00000506   0x00000038   Code   RO         1099    .text               mf_p.l(d2f.o)
    0x0000053e   0x0000053e   0x00000020   Code   RO         1156    .text               mc_p.l(llshl.o)
    0x0000055e   0x0000055e   0x00000000   Code   RO         1167    .text               mc_p.l(iusefp.o)
    0x0000055e   0x0000055e   0x00000082   Code   RO         1168    .text               mf_p.l(fepilogue.o)
    0x000005e0   0x000005e0   0x000000be   Code   RO         1170    .text               mf_p.l(depilogue.o)
    0x0000069e   0x0000069e   0x00000002   PAD
    0x000006a0   0x000006a0   0x00000030   Code   RO         1182    .text               mc_p.l(init.o)
    0x000006d0   0x000006d0   0x00000022   Code   RO         1184    .text               mc_p.l(llushr.o)
    0x000006f2   0x000006f2   0x0000000a   Code   RO          565    .text.DL_Common_delayCycles  driverlib.a(dl_common.o)
    0x000006fc   0x000006fc   0x00000026   Code   RO          574    .text.DL_I2C_setClockConfig  driverlib.a(dl_i2c.o)
    0x00000722   0x00000722   0x00000002   PAD
    0x00000724   0x00000724   0x000000c4   Code   RO          745    .text.DL_SYSCTL_configSYSPLL  driverlib.a(dl_sysctl_mspm0g1x0x_g3x0x.o)
    0x000007e8   0x000007e8   0x00000028   Code   RO          753    .text.DL_SYSCTL_switchMCLKfromSYSOSCtoHSCLK  driverlib.a(dl_sysctl_mspm0g1x0x_g3x0x.o)
    0x00000810   0x00000810   0x00000074   Code   RO          684    .text.DL_TimerA_initPWMMode  driverlib.a(dl_timer.o)
    0x00000884   0x00000884   0x000000c0   Code   RO          628    .text.DL_Timer_initPWMMode  driverlib.a(dl_timer.o)
    0x00000944   0x00000944   0x000000f0   Code   RO          610    .text.DL_Timer_initTimerMode  driverlib.a(dl_timer.o)
    0x00000a34   0x00000a34   0x0000001c   Code   RO          658    .text.DL_Timer_setCaptCompUpdateMethod  driverlib.a(dl_timer.o)
    0x00000a50   0x00000a50   0x00000018   Code   RO          632    .text.DL_Timer_setCaptureCompareOutCtl  driverlib.a(dl_timer.o)
    0x00000a68   0x00000a68   0x00000010   Code   RO          612    .text.DL_Timer_setCaptureCompareValue  driverlib.a(dl_timer.o)
    0x00000a78   0x00000a78   0x0000001c   Code   RO          606    .text.DL_Timer_setClockConfig  driverlib.a(dl_timer.o)
    0x00000a94   0x00000a94   0x00000048   Code   RO          705    .text.DL_UART_init  driverlib.a(dl_uart.o)
    0x00000adc   0x00000adc   0x00000012   Code   RO          707    .text.DL_UART_setClockConfig  driverlib.a(dl_uart.o)
    0x00000aee   0x00000aee   0x00000002   PAD
    0x00000af0   0x00000af0   0x000000b8   Code   RO          432    .text.GROUP1_IRQHandler  encoder.o
    0x00000ba8   0x00000ba8   0x00000084   Code   RO          526    .text.Get_Velocity_From_Encoder  control.o
    0x00000c2c   0x00000c2c   0x00000034   Code   RO          360    .text.LED_Flash     led.o
    0x00000c60   0x00000c60   0x00000b8e   Code   RO          476    .text.OLED_Init     oled.o
    0x000017ee   0x000017ee   0x00000002   PAD
    0x000017f0   0x000017f0   0x0000020c   Code   RO          444    .text.OLED_Refresh_Gram  oled.o
    0x000019fc   0x000019fc   0x000000e4   Code   RO           28    .text.SYSCFG_DL_GPIO_init  ti_msp_dl_config.o
    0x00001ae0   0x00001ae0   0x00000054   Code   RO           36    .text.SYSCFG_DL_I2C_0_init  ti_msp_dl_config.o
    0x00001b34   0x00001b34   0x00000078   Code   RO           32    .text.SYSCFG_DL_PWM_0_init  ti_msp_dl_config.o
    0x00001bac   0x00001bac   0x00000084   Code   RO           30    .text.SYSCFG_DL_SYSCTL_init  ti_msp_dl_config.o
    0x00001c30   0x00001c30   0x00000020   Code   RO           40    .text.SYSCFG_DL_SYSTICK_init  ti_msp_dl_config.o
    0x00001c50   0x00001c50   0x00000038   Code   RO           34    .text.SYSCFG_DL_TIMER_0_init  ti_msp_dl_config.o
    0x00001c88   0x00001c88   0x00000084   Code   RO           38    .text.SYSCFG_DL_UART_0_init  ti_msp_dl_config.o
    0x00001d0c   0x00001d0c   0x00000030   Code   RO           24    .text.SYSCFG_DL_init  ti_msp_dl_config.o
    0x00001d3c   0x00001d3c   0x00000054   Code   RO           26    .text.SYSCFG_DL_initPower  ti_msp_dl_config.o
    0x00001d90   0x00001d90   0x00000054   Code   RO          389    .text.Set_PWM       motor.o
    0x00001de4   0x00001de4   0x000001bc   Code   RO          522    .text.TIMG0_IRQHandler  control.o
    0x00001fa0   0x00001fa0   0x000000fc   Code   RO          414    .text.delay_ms      board.o
    0x0000209c   0x0000209c   0x00000100   Code   RO          373    .text.key_scan      key.o
    0x0000219c   0x0000219c   0x00000034   Code   RO            2    .text.main          empty.o
    0x000021d0   0x000021d0   0x0000002e   Code   RO         1172    i.__ARM_clz         mf_p.l(depilogue.o)
    0x000021fe   0x000021fe   0x00000002   PAD
    0x00002200   0x00002200   0x0000000e   Code   RO         1190    i.__scatterload_copy  mc_p.l(handlers.o)
    0x0000220e   0x0000220e   0x00000002   PAD
    0x00002210   0x00002210   0x00000002   Code   RO         1191    i.__scatterload_null  mc_p.l(handlers.o)
    0x00002212   0x00002212   0x00000006   PAD
    0x00002218   0x00002218   0x0000000e   Code   RO         1192    i.__scatterload_zeroinit  mc_p.l(handlers.o)
    0x00002226   0x00002226   0x00000002   Data   RO           52    .rodata.gI2C_0ClockConfig  ti_msp_dl_config.o
    0x00002228   0x00002228   0x00000003   Data   RO           48    .rodata.gPWM_0ClockConfig  ti_msp_dl_config.o
    0x0000222b   0x0000222b   0x00000001   PAD
    0x0000222c   0x0000222c   0x00000008   Data   RO           49    .rodata.gPWM_0Config  ti_msp_dl_config.o
    0x00002234   0x00002234   0x00000028   Data   RO           47    .rodata.gSYSPLLConfig  ti_msp_dl_config.o
    0x0000225c   0x0000225c   0x00000003   Data   RO           50    .rodata.gTIMER_0ClockConfig  ti_msp_dl_config.o
    0x0000225f   0x0000225f   0x00000001   PAD
    0x00002260   0x00002260   0x00000014   Data   RO           51    .rodata.gTIMER_0TimerConfig  ti_msp_dl_config.o
    0x00002274   0x00002274   0x00000002   Data   RO           53    .rodata.gUART_0ClockConfig  ti_msp_dl_config.o
    0x00002276   0x00002276   0x0000000a   Data   RO           54    .rodata.gUART_0Config  ti_msp_dl_config.o
    0x00002280   0x00002280   0x00000020   Data   RO         1189    Region$$Table       anon$$obj.o


    Execution Region RW_IRAM2 (Exec base: 0x20200000, Load base: 0x000022a0, Size: 0x00001520, Max: 0x00008000, ABSOLUTE)

    Exec Addr    Load Addr    Size         Type   Attr      Idx    E Section Name        Object

    0x20200000   0x000022a0   0x00000004   Data   RW          543    .data.Flag_Stop     control.o
    0x20200004   0x000022a4   0x00000004   Data   RW          542    .data.Run_Mode      control.o
    0x20200008   0x000022a8   0x00000004   Data   RW          541    .data.Velocity_KI   control.o
    0x2020000c   0x000022ac   0x00000004   Data   RW          540    .data.Velocity_KP   control.o
    0x20200010        -       0x00000004   Zero   RW          436    .bss.Get_Encoder_countA  encoder.o
    0x20200014        -       0x00000004   Zero   RW          437    .bss.Get_Encoder_countB  encoder.o
    0x20200018        -       0x00000004   Zero   RW          548    .bss.Incremental_PI_Left.Last_bias  control.o
    0x2020001c        -       0x00000004   Zero   RW          547    .bss.Incremental_PI_Left.Pwm  control.o
    0x20200020        -       0x00000004   Zero   RW          550    .bss.Incremental_PI_Right.Last_bias  control.o
    0x20200024        -       0x00000004   Zero   RW          549    .bss.Incremental_PI_Right.Pwm  control.o
    0x20200028        -       0x00000002   Zero   RW          362    .bss.LED_Flash.temp  led.o
    0x2020002a   0x000022b0   0x00000002   PAD
    0x2020002c        -       0x00000010   Zero   RW          544    .bss.MotorA         control.o
    0x2020003c        -       0x00000010   Zero   RW          545    .bss.MotorB         control.o
    0x2020004c        -       0x00000400   Zero   RW          489    .bss.OLED_GRAM      oled.o
    0x2020044c        -       0x00000008   Zero   RW          546    .bss.OriginalEncoder  control.o
    0x20200454        -       0x000000bc   Zero   RW           46    .bss.gPWM_0Backup   ti_msp_dl_config.o
    0x20200510        -       0x00000004   Zero   RW          434    .bss.gpio_interrup1  encoder.o
    0x20200514        -       0x00000004   Zero   RW          435    .bss.gpio_interrup2  encoder.o
    0x20200518        -       0x00000001   Zero   RW          378    .bss.key_scan.check_once  key.o
    0x20200519   0x000022b0   0x00000001   PAD
    0x2020051a        -       0x00000002   Zero   RW          376    .bss.key_scan.long_press_time  key.o
    0x2020051c        -       0x00000001   Zero   RW          377    .bss.key_scan.press_flag  key.o
    0x2020051d   0x000022b0   0x00000001   PAD
    0x2020051e        -       0x00000002   Zero   RW          375    .bss.key_scan.time_core  key.o
    0x20200520        -       0x00001000   Zero   RW           14    STACK               startup_mspm0g350x_uvision.o



  Load Region LR_BCR (Base: 0x41c00000, Size: 0x00000000, Max: 0x00000100, ABSOLUTE)

    Execution Region BCR_CONFIG (Exec base: 0x41c00000, Load base: 0x41c00000, Size: 0x00000000, Max: 0x00000080, ABSOLUTE)

    **** No section assigned to this execution region ****



  Load Region LR_BSL (Base: 0x41c00100, Size: 0x00000000, Max: 0x00000100, ABSOLUTE)

    Execution Region BSL_CONFIG (Exec base: 0x41c00100, Load base: 0x41c00100, Size: 0x00000000, Max: 0x00000080, ABSOLUTE)

    **** No section assigned to this execution region ****


==============================================================================

Image component sizes


      Code (inc. data)   RO Data    RW Data    ZI Data      Debug   Object Name

       252         12          0          0          0       6517   board.o
       576         88          0         16         56       7506   control.o
        52         12          0          0          0       4879   empty.o
       184         32          0          0         16       4277   encoder.o
       256         36          0          0          6       4717   key.o
        52          8          0          0          2       4275   led.o
        84          8          0          0          0       7349   motor.o
      3482         20          0          0       1024      62740   oled.o
        20          4        192          0       4096        612   startup_mspm0g350x_uvision.o
       916        172         88          0        188      36661   ti_msp_dl_config.o

    ----------------------------------------------------------------------
      5876        392        314         16       5392     139533   Object Totals
         0          0         32          0          0          0   (incl. Generated)
         2          0          2          0          4          0   (incl. Padding)

    ----------------------------------------------------------------------

      Code (inc. data)   RO Data    RW Data    ZI Data      Debug   Library Member Name

        10          0          0          0          0        802   dl_common.o
        38          0          0          0          0       8590   dl_i2c.o
       236         24          0          0          0      18490   dl_sysctl_mspm0g1x0x_g3x0x.o
       644        196          0          0          0      40185   dl_timer.o
        90          8          0          0          0      14128   dl_uart.o
         0          0          0          0          0          0   entry.o
         0          0          0          0          0          0   entry10a.o
         0          0          0          0          0          0   entry11a.o
         8          4          0          0          0          0   entry2.o
         4          0          0          0          0          0   entry5.o
         0          0          0          0          0          0   entry7b.o
         0          0          0          0          0          0   entry8b.o
         8          4          0          0          0          0   entry9a.o
        30          0          0          0          0          0   handlers.o
        48         10          0          0          0         68   init.o
         0          0          0          0          0          0   iusefp.o
        32          0          0          0          0         68   llshl.o
        34          0          0          0          0         68   llushr.o
        56          0          0          0          0         68   d2f.o
       240          6          0          0          0         84   ddiv.o
       236          0          0          0          0        216   depilogue.o
       208          6          0          0          0         88   dmul.o
        40          0          0          0          0         60   f2d.o
       178          0          0          0          0        108   fadd.o
        28          0          0          0          0         60   fcmpgt.o
        28          0          0          0          0         60   fcmplt.o
       124          0          0          0          0         72   fdiv.o
       130          0          0          0          0        144   fepilogue.o
        50          0          0          0          0         60   ffixi.o
        22          0          0          0          0         68   fflti.o
        14          0          0          0          0         68   ffltui.o
       122          0          0          0          0         72   fmul.o

    ----------------------------------------------------------------------
      2674        258          0          0          0      83627   Library Totals
        16          0          0          0          0          0   (incl. Padding)

    ----------------------------------------------------------------------

      Code (inc. data)   RO Data    RW Data    ZI Data      Debug   Library Name

      1018        228          0          0          0      82195   driverlib.a
       164         18          0          0          0        204   mc_p.l
      1476         12          0          0          0       1228   mf_p.l

    ----------------------------------------------------------------------
      2674        258          0          0          0      83627   Library Totals

    ----------------------------------------------------------------------

==============================================================================


      Code (inc. data)   RO Data    RW Data    ZI Data      Debug   

      8550        650        314         16       5392     222392   Grand Totals
      8550        650        314         16       5392     222392   ELF Image Totals
      8550        650        314         16          0          0   ROM Totals

==============================================================================

    Total RO  Size (Code + RO Data)                 8864 (   8.66kB)
    Total RW  Size (RW Data + ZI Data)              5408 (   5.28kB)
    Total ROM Size (Code + RO Data + RW Data)       8880 (   8.67kB)

==============================================================================

